Archive member included to satisfy reference by file (symbol)

app/libapp.a(main.c.obj)      (--whole-archive)
app/libapp.a(SparkFunMiniMoto.c.obj)
                              (--whole-archive)
zephyr/libzephyr.a(cbprintf.c.obj)
                              (--whole-archive)
zephyr/libzephyr.a(cbprintf_packaged.c.obj)
                              (--whole-archive)
zephyr/libzephyr.a(crc32c_sw.c.obj)
                              (--whole-archive)
zephyr/libzephyr.a(crc32_sw.c.obj)
                              (--whole-archive)
zephyr/libzephyr.a(crc16_sw.c.obj)
                              (--whole-archive)
zephyr/libzephyr.a(crc8_sw.c.obj)
                              (--whole-archive)
zephyr/libzephyr.a(crc7_sw.c.obj)
                              (--whole-archive)
zephyr/libzephyr.a(dec.c.obj)
                              (--whole-archive)
zephyr/libzephyr.a(fdtable.c.obj)
                              (--whole-archive)
zephyr/libzephyr.a(hex.c.obj)
                              (--whole-archive)
zephyr/libzephyr.a(notify.c.obj)
                              (--whole-archive)
zephyr/libzephyr.a(printk.c.obj)
                              (--whole-archive)
zephyr/libzephyr.a(onoff.c.obj)
                              (--whole-archive)
zephyr/libzephyr.a(rb.c.obj)  (--whole-archive)
zephyr/libzephyr.a(sem.c.obj)
                              (--whole-archive)
zephyr/libzephyr.a(thread_entry.c.obj)
                              (--whole-archive)
zephyr/libzephyr.a(timeutil.c.obj)
                              (--whole-archive)
zephyr/libzephyr.a(heap.c.obj)
                              (--whole-archive)
zephyr/libzephyr.a(heap-validate.c.obj)
                              (--whole-archive)
zephyr/libzephyr.a(bitarray.c.obj)
                              (--whole-archive)
zephyr/libzephyr.a(multi_heap.c.obj)
                              (--whole-archive)
zephyr/libzephyr.a(cbprintf_complete.c.obj)
                              (--whole-archive)
zephyr/libzephyr.a(assert.c.obj)
                              (--whole-archive)
zephyr/libzephyr.a(reboot.c.obj)
                              (--whole-archive)
zephyr/libzephyr.a(configs.c.obj)
                              (--whole-archive)
zephyr/libzephyr.a(soc_nrf_common.S.obj)
                              (--whole-archive)
zephyr/libzephyr.a(validate_base_addresses.c.obj)
                              (--whole-archive)
zephyr/libzephyr.a(validate_enabled_instances.c.obj)
                              (--whole-archive)
zephyr/libzephyr.a(pm.c.obj)  (--whole-archive)
zephyr/libzephyr.a(policy.c.obj)
                              (--whole-archive)
zephyr/libzephyr.a(state.c.obj)
                              (--whole-archive)
zephyr/libzephyr.a(tracing_none.c.obj)
                              (--whole-archive)
zephyr/libzephyr.a(nrf_cc3xx_platform_abort_zephyr.c.obj)
                              (--whole-archive)
zephyr/libzephyr.a(nrf_cc3xx_platform_mutex_zephyr.c.obj)
                              (--whole-archive)
zephyr/arch/common/libarch__common.a(sw_isr_common.c.obj)
                              (--whole-archive)
zephyr/arch/arch/arm/core/aarch32/libarch__arm__core__aarch32.a(cpu_idle.S.obj)
                              (--whole-archive)
zephyr/arch/arch/arm/core/aarch32/libarch__arm__core__aarch32.a(fatal.c.obj)
                              (--whole-archive)
zephyr/arch/arch/arm/core/aarch32/libarch__arm__core__aarch32.a(irq_manage.c.obj)
                              (--whole-archive)
zephyr/arch/arch/arm/core/aarch32/libarch__arm__core__aarch32.a(nmi.c.obj)
                              (--whole-archive)
zephyr/arch/arch/arm/core/aarch32/libarch__arm__core__aarch32.a(nmi_on_reset.S.obj)
                              (--whole-archive)
zephyr/arch/arch/arm/core/aarch32/libarch__arm__core__aarch32.a(prep_c.c.obj)
                              (--whole-archive)
zephyr/arch/arch/arm/core/aarch32/libarch__arm__core__aarch32.a(swap.c.obj)
                              (--whole-archive)
zephyr/arch/arch/arm/core/aarch32/libarch__arm__core__aarch32.a(swap_helper.S.obj)
                              (--whole-archive)
zephyr/arch/arch/arm/core/aarch32/libarch__arm__core__aarch32.a(thread.c.obj)
                              (--whole-archive)
zephyr/arch/arch/arm/core/aarch32/libarch__arm__core__aarch32.a(isr_wrapper.S.obj)
                              (--whole-archive)
zephyr/arch/arch/arm/core/aarch32/cortex_m/libarch__arm__core__aarch32__cortex_m.a(exc_exit.S.obj)
                              (--whole-archive)
zephyr/arch/arch/arm/core/aarch32/cortex_m/libarch__arm__core__aarch32__cortex_m.a(fault.c.obj)
                              (--whole-archive)
zephyr/arch/arch/arm/core/aarch32/cortex_m/libarch__arm__core__aarch32__cortex_m.a(fault_s.S.obj)
                              (--whole-archive)
zephyr/arch/arch/arm/core/aarch32/cortex_m/libarch__arm__core__aarch32__cortex_m.a(fpu.c.obj)
                              (--whole-archive)
[...]
Memory Configuration

Name             Origin             Length             Attributes
FLASH            0x0000000000000000 0x0000000000100000 xr
SRAM             0x0000000020000000 0x0000000000040000 xw
IDT_LIST         0x00000000fffff7ff 0x0000000000000800 xw
*default*        0x0000000000000000 0xffffffffffffffff

Linker script and memory map

LOAD zephyr/CMakeFiles/zephyr_pre0.dir/misc/empty_file.c.obj
                0x0000000000000020                _region_min_align = 0x20

.rel.plt        0x0000000000000000        0x0
 *(SORT_BY_ALIGNMENT(.rel.plt))
                [!provide]                        PROVIDE (__rel_iplt_start = .)
 *(SORT_BY_ALIGNMENT(.rel.iplt))
 .rel.iplt      0x0000000000000000        0x0 app/libapp.a(main.c.obj)
                [!provide]                        PROVIDE (__rel_iplt_end = .)

.rela.plt       0x0000000000000000        0x0
 *(SORT_BY_ALIGNMENT(.rela.plt))
                [!provide]                        PROVIDE (__rela_iplt_start = .)
 *(SORT_BY_ALIGNMENT(.rela.iplt))
                [!provide]                        PROVIDE (__rela_iplt_end = .)

.rel.dyn
 *(SORT_BY_ALIGNMENT(.rel.*))

.rela.dyn
 *(SORT_BY_ALIGNMENT(.rela.*))

/DISCARD/
 *(SORT_BY_ALIGNMENT(.plt))
 *(SORT_BY_ALIGNMENT(.iplt))
 *(SORT_BY_ALIGNMENT(.got.plt))
 *(SORT_BY_ALIGNMENT(.igot.plt))
 *(SORT_BY_ALIGNMENT(.got))
 *(SORT_BY_ALIGNMENT(.igot))
 *(SORT_BY_ALIGNMENT(.note.GNU-stack))
                0x0000000000000000                __rom_region_start = 0x0

rom_start       0x0000000000000000      0x100
                0x0000000000000000                . = 0x0
                0x0000000000000000                . = ALIGN (0x4)
                0x0000000000000000                . = ALIGN (0x80)
                0x0000000000000000                . = ALIGN (0x100)
                0x0000000000000000                _vector_start = .
 *(SORT_BY_ALIGNMENT(.exc_vector_table))
 *(SORT_BY_ALIGNMENT(.exc_vector_table.*))
 .exc_vector_table._vector_table_section
                0x0000000000000000       0x40 zephyr/arch/arch/arm/core/aarch32/cortex_m/libarch__arm__core__aarch32__cortex_m.a(vector_table.S.obj)
                0x0000000000000000                _vector_table
 *(SORT_BY_ALIGNMENT(.gnu.linkonce.irq_vector_table*))
 .gnu.linkonce.irq_vector_table
                0x0000000000000040       0xc0 zephyr/arch/common/libisr_tables.a(isr_tables.c.obj)
                0x0000000000000040                _irq_vector_table
 *(SORT_BY_ALIGNMENT(.vectors))
                0x0000000000000100                _vector_end = .

text            0x0000000000000100     0x59e0
                0x0000000000000100                __text_region_start = .
 *(SORT_BY_ALIGNMENT(.text))
 .text          0x0000000000000100       0x30 c:/ncs/toolchains/v2.0.0/opt/zephyr-sdk/arm-zephyr-eabi/bin/../lib/gcc/arm-zephyr-eabi/10.3.0/thumb/v7e-m/nofp\libgcc.a(_aeabi_uldivmod.o)
                0x0000000000000100                __aeabi_uldivmod
 .text          0x0000000000000130        0x4 c:/ncs/toolchains/v2.0.0/opt/zephyr-sdk/arm-zephyr-eabi/bin/../lib/gcc/arm-zephyr-eabi/10.3.0/thumb/v7e-m/nofp\libgcc.a(_dvmd_tls.o)
                0x0000000000000130                __aeabi_idiv0
                0x0000000000000130                __aeabi_ldiv0
 .text          0x0000000000000134      0x2a6 c:/ncs/toolchains/v2.0.0/opt/zephyr-sdk/arm-zephyr-eabi/bin/../lib/gcc/arm-zephyr-eabi/10.3.0/thumb/v7e-m/nofp\libgcc.a(_udivmoddi4.o)
                0x0000000000000134                __udivmoddi4
 *(SORT_BY_ALIGNMENT(.text.*))
 *fill*         0x00000000000003da        0x2 
 .text.main     0x00000000000003dc       0x20 app/libapp.a(main.c.obj)
                0x00000000000003dc                main
 .text.mini_motor_init
                0x00000000000003fc       0x2c app/libapp.a(SparkFunMiniMoto.c.obj)
                0x00000000000003fc                mini_motor_init
 .text.miniMotor_drive
                0x0000000000000428       0x58 app/libapp.a(SparkFunMiniMoto.c.obj)
                0x0000000000000428                miniMotor_drive
 .text.char_out
                0x0000000000000480       0x10 zephyr/libzephyr.a(printk.c.obj)
 .text.__printk_hook_install
                0x0000000000000490        0xc zephyr/libzephyr.a(printk.c.obj)
                0x0000000000000490                __printk_hook_install
 .text.vprintk  0x000000000000049c       0x1c zephyr/libzephyr.a(printk.c.obj)
                0x000000000000049c                vprintk
 .text.process_event
                0x00000000000004b8      0x1c0 zephyr/libzephyr.a(onoff.c.obj)
 .text.cbvprintf
                0x0000000000000678      0x784 zephyr/libzephyr.a(cbprintf_complete.c.obj)
                0x0000000000000678                cbvprintf
 .text.sys_reboot
                0x0000000000000dfc       0x28 zephyr/libzephyr.a(reboot.c.obj)
                0x0000000000000dfc                sys_reboot
 .text.pm_state_notify
                0x0000000000000e24       0x5c zephyr/libzephyr.a(pm.c.obj)
 .text.atomic_clear_bit.constprop.0
                0x0000000000000e80       0x30 zephyr/libzephyr.a(pm.c.obj)
 .text.pm_system_resume
                0x0000000000000eb0       0x7c zephyr/libzephyr.a(pm.c.obj)
                0x0000000000000eb0                pm_system_resume
 .text.pm_system_suspend
                0x0000000000000f2c       0xec zephyr/libzephyr.a(pm.c.obj)
                0x0000000000000f2c                pm_system_suspend
 .text.pm_policy_state_lock_is_active
                0x0000000000001018       0x1c zephyr/libzephyr.a(policy.c.obj)
                0x0000000000001018                pm_policy_state_lock_is_active
 .text.pm_policy_next_state
                0x0000000000001034       0x9c zephyr/libzephyr.a(policy.c.obj)
                0x0000000000001034                pm_policy_next_state
 .text.pm_state_cpu_get_all
                0x00000000000010d0       0x10 zephyr/libzephyr.a(state.c.obj)
                0x00000000000010d0                pm_state_cpu_get_all
 .text.nrf_cc3xx_platform_abort_init
                0x00000000000010e0        0xc zephyr/libzephyr.a(nrf_cc3xx_platform_abort_zephyr.c.obj)
                0x00000000000010e0                nrf_cc3xx_platform_abort_init
 .text.mutex_free_platform
                0x00000000000010ec       0x48 zephyr/libzephyr.a(nrf_cc3xx_platform_mutex_zephyr.c.obj)
 .text.mutex_lock_platform
                0x0000000000001134       0x58 zephyr/libzephyr.a(nrf_cc3xx_platform_mutex_zephyr.c.obj)
 .text.mutex_unlock_platform
                0x000000000000118c       0x4c zephyr/libzephyr.a(nrf_cc3xx_platform_mutex_zephyr.c.obj)
 .text.mutex_init_platform
                0x00000000000011d8       0x70 zephyr/libzephyr.a(nrf_cc3xx_platform_mutex_zephyr.c.obj)
 .text.nrf_cc3xx_platform_mutex_init
                0x0000000000001248       0x2c zephyr/libzephyr.a(nrf_cc3xx_platform_mutex_zephyr.c.obj)
                0x0000000000001248                nrf_cc3xx_platform_mutex_init
 .text.z_arm_cpu_idle_init
                0x0000000000001274        0xc zephyr/arch/arch/arm/core/aarch32/libarch__arm__core__aarch32.a(cpu_idle.S.obj)
                0x0000000000001274                z_arm_cpu_idle_init
 .text.arch_cpu_idle
                0x0000000000001280       0x1c zephyr/arch/arch/arm/core/aarch32/libarch__arm__core__aarch32.a(cpu_idle.S.obj)
                0x0000000000001280                arch_cpu_idle
 .text.arch_cpu_atomic_idle
                0x000000000000129c       0x14 zephyr/arch/arch/arm/core/aarch32/libarch__arm__core__aarch32.a(cpu_idle.S.obj)
                0x000000000000129c                arch_cpu_atomic_idle
 .text.arch_irq_enable
                0x00000000000012b0       0x20 zephyr/arch/arch/arm/core/aarch32/libarch__arm__core__aarch32.a(irq_manage.c.obj)
                0x00000000000012b0                arch_irq_enable
 .text.arch_irq_is_enabled
                0x00000000000012d0       0x1c zephyr/arch/arch/arm/core/aarch32/libarch__arm__core__aarch32.a(irq_manage.c.obj)
                0x00000000000012d0                arch_irq_is_enabled
 .text.z_arm_irq_priority_set
                0x00000000000012ec       0x30 zephyr/arch/arch/arm/core/aarch32/libarch__arm__core__aarch32.a(irq_manage.c.obj)
                0x00000000000012ec                z_arm_irq_priority_set
 .text.z_SysNmiOnReset
                0x000000000000131c        0x8 zephyr/arch/arch/arm/core/aarch32/libarch__arm__core__aarch32.a(nmi_on_reset.S.obj)
                0x000000000000131c                z_SysNmiOnReset
 .text.z_arm_prep_c
                0x0000000000001324       0x38 zephyr/arch/arch/arm/core/aarch32/libarch__arm__core__aarch32.a(prep_c.c.obj)
                0x0000000000001324                z_arm_prep_c
 .text.arch_swap
                0x000000000000135c       0x34 zephyr/arch/arch/arm/core/aarch32/libarch__arm__core__aarch32.a(swap.c.obj)
                0x000000000000135c                arch_swap
 .text.z_arm_pendsv
                0x0000000000001390       0x54 zephyr/arch/arch/arm/core/aarch32/libarch__arm__core__aarch32.a(swap_helper.S.obj)
                0x0000000000001390                z_arm_pendsv
 .text.z_arm_svc
                0x00000000000013e4       0x20 zephyr/arch/arch/arm/core/aarch32/libarch__arm__core__aarch32.a(swap_helper.S.obj)
                0x00000000000013e4                z_arm_svc
 .text.arch_new_thread
                0x0000000000001404       0x38 zephyr/arch/arch/arm/core/aarch32/libarch__arm__core__aarch32.a(thread.c.obj)
                0x0000000000001404                arch_new_thread
 .text.z_check_thread_stack_fail
                0x000000000000143c       0x2c zephyr/arch/arch/arm/core/aarch32/libarch__arm__core__aarch32.a(thread.c.obj)
                0x000000000000143c                z_check_thread_stack_fail
 .text.arch_switch_to_main_thread
                0x0000000000001468       0x2c zephyr/arch/arch/arm/core/aarch32/libarch__arm__core__aarch32.a(thread.c.obj)
                0x0000000000001468                arch_switch_to_main_thread
 .text._isr_wrapper
                0x0000000000001494       0x40 zephyr/arch/arch/arm/core/aarch32/libarch__arm__core__aarch32.a(isr_wrapper.S.obj)
                0x0000000000001494                _isr_wrapper
 .text._HandlerModeExit
                0x00000000000014d4       0x1c zephyr/arch/arch/arm/core/aarch32/cortex_m/libarch__arm__core__aarch32__cortex_m.a(exc_exit.S.obj)
                0x00000000000014d4                z_arm_int_exit
                0x00000000000014d4                z_arm_exc_exit
 .text.mem_manage_fault
                0x00000000000014f0       0x78 zephyr/arch/arch/arm/core/aarch32/cortex_m/libarch__arm__core__aarch32__cortex_m.a(fault.c.obj)
 .text.bus_fault.constprop.0
                0x0000000000001568       0x3c zephyr/arch/arch/arm/core/aarch32/cortex_m/libarch__arm__core__aarch32__cortex_m.a(fault.c.obj)
 .text.z_arm_fault
                0x00000000000015a4      0x128 zephyr/arch/arch/arm/core/aarch32/cortex_m/libarch__arm__core__aarch32__cortex_m.a(fault.c.obj)
                0x00000000000015a4                z_arm_fault
 .text.z_arm_fault_init
                0x00000000000016cc       0x10 zephyr/arch/arch/arm/core/aarch32/cortex_m/libarch__arm__core__aarch32__cortex_m.a(fault.c.obj)
                0x00000000000016cc                z_arm_fault_init
 .text.__fault  0x00000000000016dc       0x14 zephyr/arch/arch/arm/core/aarch32/cortex_m/libarch__arm__core__aarch32__cortex_m.a(fault_s.S.obj)
                0x00000000000016dc                z_arm_usage_fault
                0x00000000000016dc                z_arm_mpu_fault
                0x00000000000016dc                z_arm_exc_spurious
                0x00000000000016dc                z_arm_debug_monitor
                0x00000000000016dc                z_arm_hard_fault
                0x00000000000016dc                z_arm_bus_fault
 .text.z_arm_interrupt_init
                0x00000000000016f0       0x18 zephyr/arch/arch/arm/core/aarch32/cortex_m/libarch__arm__core__aarch32__cortex_m.a(irq_init.c.obj)
                0x00000000000016f0                z_arm_interrupt_init
 .text._reset_section
                0x0000000000001708       0x54 zephyr/arch/arch/arm/core/aarch32/cortex_m/libarch__arm__core__aarch32__cortex_m.a(reset.S.obj)
                0x0000000000001708                __start
                0x0000000000001708                z_arm_reset
 .text.z_arm_clear_arm_mpu_config
                0x000000000000175c       0x24 zephyr/arch/arch/arm/core/aarch32/cortex_m/libarch__arm__core__aarch32__cortex_m.a(scb.c.obj)
                0x000000000000175c                z_arm_clear_arm_mpu_config
 .text.z_arm_init_arch_hw_at_boot
                0x0000000000001780       0x64 zephyr/arch/arch/arm/core/aarch32/cortex_m/libarch__arm__core__aarch32__cortex_m.a(scb.c.obj)
                0x0000000000001780                z_arm_init_arch_hw_at_boot
 .text.z_impl_k_thread_abort
                0x00000000000017e4       0x2c zephyr/arch/arch/arm/core/aarch32/cortex_m/libarch__arm__core__aarch32__cortex_m.a(thread_abort.c.obj)
                0x00000000000017e4                z_impl_k_thread_abort
 .text.z_arm_configure_static_mpu_regions
                0x0000000000001810       0x18 zephyr/arch/arch/arm/core/aarch32/mpu/libarch__arm__core__aarch32__mpu.a(arm_core_mpu.c.obj)
                0x0000000000001810                z_arm_configure_static_mpu_regions
 .text.z_arm_configure_dynamic_mpu_regions
                0x0000000000001828       0x20 zephyr/arch/arch/arm/core/aarch32/mpu/libarch__arm__core__aarch32__mpu.a(arm_core_mpu.c.obj)
                0x0000000000001828                z_arm_configure_dynamic_mpu_regions
 .text.mpu_configure_regions
                0x0000000000001848       0x84 zephyr/arch/arch/arm/core/aarch32/mpu/libarch__arm__core__aarch32__mpu.a(arm_mpu.c.obj)
 .text.arm_core_mpu_enable
                0x00000000000018cc       0x18 zephyr/arch/arch/arm/core/aarch32/mpu/libarch__arm__core__aarch32__mpu.a(arm_mpu.c.obj)
                0x00000000000018cc                arm_core_mpu_enable
 .text.arm_core_mpu_disable
                0x00000000000018e4       0x14 zephyr/arch/arch/arm/core/aarch32/mpu/libarch__arm__core__aarch32__mpu.a(arm_mpu.c.obj)
                0x00000000000018e4                arm_core_mpu_disable
 .text.arm_core_mpu_configure_static_mpu_regions
                0x00000000000018f8       0x14 zephyr/arch/arch/arm/core/aarch32/mpu/libarch__arm__core__aarch32__mpu.a(arm_mpu.c.obj)
                0x00000000000018f8                arm_core_mpu_configure_static_mpu_regions
 .text.arm_core_mpu_configure_dynamic_mpu_regions
                0x000000000000190c       0x30 zephyr/arch/arch/arm/core/aarch32/mpu/libarch__arm__core__aarch32__mpu.a(arm_mpu.c.obj)
                0x000000000000190c                arm_core_mpu_configure_dynamic_mpu_regions
 .text.z_arm_mpu_init
                0x000000000000193c       0x60 zephyr/arch/arch/arm/core/aarch32/mpu/libarch__arm__core__aarch32__mpu.a(arm_mpu.c.obj)
                0x000000000000193c                z_arm_mpu_init
 .text.__stdout_hook_install
                0x000000000000199c        0xc zephyr/lib/libc/minimal/liblib__libc__minimal.a(stdout_console.c.obj)
                0x000000000000199c                __stdout_hook_install
 .text.nordicsemi_nrf52_init
                0x00000000000019a8       0x60 zephyr/soc/arm/nordic_nrf/nrf52/libsoc__arm__nordic_nrf__nrf52.a(soc.c.obj)
 .text.sys_arch_reboot
                0x0000000000001a08       0x2c zephyr/soc/arm/nordic_nrf/nrf52/libsoc__arm__nordic_nrf__nrf52.a(soc.c.obj)
                0x0000000000001a08                sys_arch_reboot
 .text.arch_busy_wait
                0x0000000000001a34       0x14 zephyr/soc/arm/nordic_nrf/nrf52/libsoc__arm__nordic_nrf__nrf52.a(soc.c.obj)
                0x0000000000001a34                arch_busy_wait
 .text.onoff_stop
                0x0000000000001a48       0x30 zephyr/drivers/clock_control/libdrivers__clock_control.a(clock_control_nrf.c.obj)
 .text.onoff_start
                0x0000000000001a78       0x44 zephyr/drivers/clock_control/libdrivers__clock_control.a(clock_control_nrf.c.obj)
 .text.clk_init
                0x0000000000001abc       0x58 zephyr/drivers/clock_control/libdrivers__clock_control.a(clock_control_nrf.c.obj)
 .text.clkstarted_handle.constprop.0
                0x0000000000001b14       0x34 zephyr/drivers/clock_control/libdrivers__clock_control.a(clock_control_nrf.c.obj)
 .text.clock_event_handler
                0x0000000000001b48       0x1c zephyr/drivers/clock_control/libdrivers__clock_control.a(clock_control_nrf.c.obj)
 .text.generic_hfclk_start
                0x0000000000001b64       0x64 zephyr/drivers/clock_control/libdrivers__clock_control.a(clock_control_nrf.c.obj)
 .text.api_blocking_start
                0x0000000000001bc8       0x34 zephyr/drivers/clock_control/libdrivers__clock_control.a(clock_control_nrf.c.obj)
 .text.generic_hfclk_stop
                0x0000000000001bfc       0x2c zephyr/drivers/clock_control/libdrivers__clock_control.a(clock_control_nrf.c.obj)
 .text.z_nrf_clock_control_lf_on
                0x0000000000001c28      0x100 zephyr/drivers/clock_control/libdrivers__clock_control.a(clock_control_nrf.c.obj)
                0x0000000000001c28                z_nrf_clock_control_lf_on
 .text.uart_console_init
                0x0000000000001d28       0x30 zephyr/drivers/console/libdrivers__console.a(uart_console.c.obj)
 .text.console_out
                0x0000000000001d58       0x28 zephyr/drivers/console/libdrivers__console.a(uart_console.c.obj)
 .text.gpio_nrfx_pin_interrupt_configure
                0x0000000000001d80       0xd4 zephyr/drivers/gpio/libdrivers__gpio.a(gpio_nrfx.c.obj)
 .text.gpio_nrfx_init
                0x0000000000001e54       0x38 zephyr/drivers/gpio/libdrivers__gpio.a(gpio_nrfx.c.obj)
 .text.nrfx_gpio_handler
                0x0000000000001e8c       0x44 zephyr/drivers/gpio/libdrivers__gpio.a(gpio_nrfx.c.obj)
 .text.gpio_nrfx_pin_configure
                0x0000000000001ed0      0x158 zephyr/drivers/gpio/libdrivers__gpio.a(gpio_nrfx.c.obj)
 .text.i2c_nrfx_twi_recover_bus
                0x0000000000002028       0x20 zephyr/drivers/i2c/libdrivers__i2c.a(i2c_nrfx_twi.c.obj)
 .text.twi_0_init
                0x0000000000002048       0x58 zephyr/drivers/i2c/libdrivers__i2c.a(i2c_nrfx_twi.c.obj)
 .text.event_handler
                0x00000000000020a0       0x34 zephyr/drivers/i2c/libdrivers__i2c.a(i2c_nrfx_twi.c.obj)
 .text.i2c_nrfx_twi_transfer
                0x00000000000020d4       0xf8 zephyr/drivers/i2c/libdrivers__i2c.a(i2c_nrfx_twi.c.obj)
 .text.uarte_nrfx_configure
                0x00000000000021cc      0x164 zephyr/drivers/serial/libdrivers__serial.a(uart_nrfx_uarte.c.obj)
 .text.uarte_instance_init.constprop.0
                0x0000000000002330       0xec zephyr/drivers/serial/libdrivers__serial.a(uart_nrfx_uarte.c.obj)
 .text.uarte_nrfx_poll_out
                0x000000000000241c       0xc4 zephyr/drivers/serial/libdrivers__serial.a(uart_nrfx_uarte.c.obj)
 .text.compare_int_lock
                0x00000000000024e0       0x50 zephyr/drivers/timer/libdrivers__timer.a(nrf_rtc_timer.c.obj)
 .text.sys_clock_timeout_handler
                0x0000000000002530       0x78 zephyr/drivers/timer/libdrivers__timer.a(nrf_rtc_timer.c.obj)
 .text.compare_int_unlock
                0x00000000000025a8       0x5c zephyr/drivers/timer/libdrivers__timer.a(nrf_rtc_timer.c.obj)
 .text.z_nrf_rtc_timer_read
                0x0000000000002604       0x44 zephyr/drivers/timer/libdrivers__timer.a(nrf_rtc_timer.c.obj)
                0x0000000000002604                z_nrf_rtc_timer_read
 .text.compare_set
                0x0000000000002648      0x148 zephyr/drivers/timer/libdrivers__timer.a(nrf_rtc_timer.c.obj)
 .text.sys_clock_driver_init
                0x0000000000002790       0x80 zephyr/drivers/timer/libdrivers__timer.a(nrf_rtc_timer.c.obj)
 .text.rtc_nrf_isr
                0x0000000000002810       0xec zephyr/drivers/timer/libdrivers__timer.a(nrf_rtc_timer.c.obj)
                0x0000000000002810                rtc_nrf_isr
 .text.sys_clock_set_timeout
                0x00000000000028fc       0x64 zephyr/drivers/timer/libdrivers__timer.a(nrf_rtc_timer.c.obj)
                0x00000000000028fc                sys_clock_set_timeout
 .text.sys_clock_elapsed
                0x0000000000002960       0x14 zephyr/drivers/timer/libdrivers__timer.a(nrf_rtc_timer.c.obj)
                0x0000000000002960                sys_clock_elapsed
 .text.nrf_gpio_pin_clear
                0x0000000000002974       0x20 zephyr/drivers/pinctrl/libdrivers__pinctrl.a(pinctrl_nrf.c.obj)
 .text.nrf_pin_configure
                0x0000000000002994       0x44 zephyr/drivers/pinctrl/libdrivers__pinctrl.a(pinctrl_nrf.c.obj)
 .text.nrf_gpio_pin_set
                0x00000000000029d8       0x20 zephyr/drivers/pinctrl/libdrivers__pinctrl.a(pinctrl_nrf.c.obj)
 .text.nrf52_errata_98
                0x00000000000029f8       0x24 modules/hal_nordic/nrfx/libmodules__hal_nordic__nrfx.a(system_nrf52840.c.obj)
 .text.nvmc_wait
                0x0000000000002a1c       0x10 modules/hal_nordic/nrfx/libmodules__hal_nordic__nrfx.a(system_nrf52840.c.obj)
                0x0000000000002a1c                nvmc_wait
 .text.SystemInit
                0x0000000000002a2c      0x1d4 modules/hal_nordic/nrfx/libmodules__hal_nordic__nrfx.a(system_nrf52840.c.obj)
                0x0000000000002a2c                SystemInit
 .text.nrfx_flag32_alloc
                0x0000000000002c00       0x4c modules/hal_nordic/nrfx/libmodules__hal_nordic__nrfx.a(nrfx_flag32_allocator.c.obj)
                0x0000000000002c00                nrfx_flag32_alloc
 .text.nrfx_flag32_free
                0x0000000000002c4c       0x44 modules/hal_nordic/nrfx/libmodules__hal_nordic__nrfx.a(nrfx_flag32_allocator.c.obj)
                0x0000000000002c4c                nrfx_flag32_free
 .text.clock_stop
                0x0000000000002c90       0xa8 modules/hal_nordic/nrfx/libmodules__hal_nordic__nrfx.a(nrfx_clock.c.obj)
 .text.nrfx_clock_init
                0x0000000000002d38       0x20 modules/hal_nordic/nrfx/libmodules__hal_nordic__nrfx.a(nrfx_clock.c.obj)
                0x0000000000002d38                nrfx_clock_init
 .text.nrfx_power_clock_irq_handler
                0x0000000000002d58       0x68 modules/hal_nordic/nrfx/libmodules__hal_nordic__nrfx.a(nrfx_clock.c.obj)
                0x0000000000002d58                nrfx_power_clock_irq_handler
 .text.nrf_gpio_pin_port_decode
                0x0000000000002dc0       0x1c modules/hal_nordic/nrfx/libmodules__hal_nordic__nrfx.a(nrfx_gpiote.c.obj)
 .text.pin_in_use_by_te
                0x0000000000002ddc       0x14 modules/hal_nordic/nrfx/libmodules__hal_nordic__nrfx.a(nrfx_gpiote.c.obj)
 .text.call_handler
                0x0000000000002df0       0x3c modules/hal_nordic/nrfx/libmodules__hal_nordic__nrfx.a(nrfx_gpiote.c.obj)
 .text.release_handler
                0x0000000000002e2c       0x54 modules/hal_nordic/nrfx/libmodules__hal_nordic__nrfx.a(nrfx_gpiote.c.obj)
 .text.pin_handler_trigger_uninit
                0x0000000000002e80       0x38 modules/hal_nordic/nrfx/libmodules__hal_nordic__nrfx.a(nrfx_gpiote.c.obj)
 .text.nrfx_gpiote_input_configure
                0x0000000000002eb8      0x15c modules/hal_nordic/nrfx/libmodules__hal_nordic__nrfx.a(nrfx_gpiote.c.obj)
                0x0000000000002eb8                nrfx_gpiote_input_configure
 .text.nrfx_gpiote_output_configure
                0x0000000000003014       0xe4 modules/hal_nordic/nrfx/libmodules__hal_nordic__nrfx.a(nrfx_gpiote.c.obj)
                0x0000000000003014                nrfx_gpiote_output_configure
 .text.nrfx_gpiote_global_callback_set
                0x00000000000030f8        0xc modules/hal_nordic/nrfx/libmodules__hal_nordic__nrfx.a(nrfx_gpiote.c.obj)
                0x00000000000030f8                nrfx_gpiote_global_callback_set
 .text.nrfx_gpiote_channel_get
                0x0000000000003104       0x2c modules/hal_nordic/nrfx/libmodules__hal_nordic__nrfx.a(nrfx_gpiote.c.obj)
                0x0000000000003104                nrfx_gpiote_channel_get
 .text.nrfx_gpiote_init
                0x0000000000003130       0x50 modules/hal_nordic/nrfx/libmodules__hal_nordic__nrfx.a(nrfx_gpiote.c.obj)
                0x0000000000003130                nrfx_gpiote_init
 .text.nrfx_gpiote_is_init
                0x0000000000003180       0x14 modules/hal_nordic/nrfx/libmodules__hal_nordic__nrfx.a(nrfx_gpiote.c.obj)
                0x0000000000003180                nrfx_gpiote_is_init
 .text.nrfx_gpiote_channel_free
                0x0000000000003194        0xc modules/hal_nordic/nrfx/libmodules__hal_nordic__nrfx.a(nrfx_gpiote.c.obj)
                0x0000000000003194                nrfx_gpiote_channel_free
 .text.nrfx_gpiote_channel_alloc
                0x00000000000031a0        0xc modules/hal_nordic/nrfx/libmodules__hal_nordic__nrfx.a(nrfx_gpiote.c.obj)
                0x00000000000031a0                nrfx_gpiote_channel_alloc
 .text.nrfx_gpiote_trigger_enable
                0x00000000000031ac       0x90 modules/hal_nordic/nrfx/libmodules__hal_nordic__nrfx.a(nrfx_gpiote.c.obj)
                0x00000000000031ac                nrfx_gpiote_trigger_enable
 .text.nrfx_gpiote_trigger_disable
                0x000000000000323c       0x50 modules/hal_nordic/nrfx/libmodules__hal_nordic__nrfx.a(nrfx_gpiote.c.obj)
                0x000000000000323c                nrfx_gpiote_trigger_disable
 .text.nrfx_gpiote_pin_uninit
                0x000000000000328c       0x48 modules/hal_nordic/nrfx/libmodules__hal_nordic__nrfx.a(nrfx_gpiote.c.obj)
                0x000000000000328c                nrfx_gpiote_pin_uninit
 .text.nrfx_gpiote_irq_handler
                0x00000000000032d4      0x1ac modules/hal_nordic/nrfx/libmodules__hal_nordic__nrfx.a(nrfx_gpiote.c.obj)
                0x00000000000032d4                nrfx_gpiote_irq_handler
 .text.nrfx_ppi_channel_alloc
                0x0000000000003480        0xc modules/hal_nordic/nrfx/libmodules__hal_nordic__nrfx.a(nrfx_ppi.c.obj)
                0x0000000000003480                nrfx_ppi_channel_alloc
 .text.twi_tx_start_transfer
                0x000000000000348c       0xd8 modules/hal_nordic/nrfx/libmodules__hal_nordic__nrfx.a(nrfx_twi.c.obj)
 .text.twi_rx_start_transfer
                0x0000000000003564       0xe8 modules/hal_nordic/nrfx/libmodules__hal_nordic__nrfx.a(nrfx_twi.c.obj)
 .text.nrfx_twi_init
                0x000000000000364c       0xbc modules/hal_nordic/nrfx/libmodules__hal_nordic__nrfx.a(nrfx_twi.c.obj)
                0x000000000000364c                nrfx_twi_init
 .text.nrfx_twi_enable
                0x0000000000003708       0x20 modules/hal_nordic/nrfx/libmodules__hal_nordic__nrfx.a(nrfx_twi.c.obj)
                0x0000000000003708                nrfx_twi_enable
 .text.nrfx_twi_disable
                0x0000000000003728       0x3c modules/hal_nordic/nrfx/libmodules__hal_nordic__nrfx.a(nrfx_twi.c.obj)
                0x0000000000003728                nrfx_twi_disable
 .text.nrfx_twi_xfer
                0x0000000000003764       0xdc modules/hal_nordic/nrfx/libmodules__hal_nordic__nrfx.a(nrfx_twi.c.obj)
                0x0000000000003764                nrfx_twi_xfer
 .text.nrfx_twi_0_irq_handler
                0x0000000000003840       0xbc modules/hal_nordic/nrfx/libmodules__hal_nordic__nrfx.a(nrfx_twi.c.obj)
                0x0000000000003840                nrfx_twi_0_irq_handler
 .text.nrf_gpio_pin_port_decode
                0x00000000000038fc       0x1c modules/hal_nordic/nrfx/libmodules__hal_nordic__nrfx.a(nrfx_twi_twim.c.obj)
 .text.nrfx_twi_twim_bus_recover
                0x0000000000003918       0xc8 modules/hal_nordic/nrfx/libmodules__hal_nordic__nrfx.a(nrfx_twi_twim.c.obj)
                0x0000000000003918                nrfx_twi_twim_bus_recover
 .text._DoInit  0x00000000000039e0       0x6c modules/segger/libmodules__segger.a(SEGGER_RTT.c.obj)
 .text.z_sys_init_run_level
                0x0000000000003a4c       0x40 zephyr/kernel/libkernel.a(device.c.obj)
                0x0000000000003a4c                z_sys_init_run_level
 .text.bg_thread_main
                0x0000000000003a8c       0x34 zephyr/kernel/libkernel.a(init.c.obj)
 .text.z_bss_zero
                0x0000000000003ac0       0x18 zephyr/kernel/libkernel.a(init.c.obj)
                0x0000000000003ac0                z_bss_zero
 .text.z_init_cpu
                0x0000000000003ad8       0x70 zephyr/kernel/libkernel.a(init.c.obj)
                0x0000000000003ad8                z_init_cpu
 .text.z_cstart
                0x0000000000003b48       0xd4 zephyr/kernel/libkernel.a(init.c.obj)
                0x0000000000003b48                z_cstart
 .text.init_mem_slab_module
                0x0000000000003c1c       0x44 zephyr/kernel/libkernel.a(mem_slab.c.obj)
 .text.k_mem_slab_alloc
                0x0000000000003c60       0x5c zephyr/kernel/libkernel.a(mem_slab.c.obj)
                0x0000000000003c60                k_mem_slab_alloc
 .text.z_setup_new_thread
                0x0000000000003cbc       0x64 zephyr/kernel/libkernel.a(thread.c.obj)
                0x0000000000003cbc                z_setup_new_thread
 .text.z_init_static_threads
                0x0000000000003d20       0xb8 zephyr/kernel/libkernel.a(thread.c.obj)
                0x0000000000003d20                z_init_static_threads
 .text.idle     0x0000000000003dd8       0x38 zephyr/kernel/libkernel.a(idle.c.obj)
                0x0000000000003dd8                idle
 .text.z_impl_k_mutex_lock
                0x0000000000003e10       0xf0 zephyr/kernel/libkernel.a(mutex.c.obj)
                0x0000000000003e10                z_impl_k_mutex_lock
 .text.z_impl_k_mutex_unlock
                0x0000000000003f00       0x84 zephyr/kernel/libkernel.a(mutex.c.obj)
                0x0000000000003f00                z_impl_k_mutex_unlock
 .text.z_impl_k_sem_give
                0x0000000000003f84       0x40 zephyr/kernel/libkernel.a(sem.c.obj)
                0x0000000000003f84                z_impl_k_sem_give
 .text.z_impl_k_sem_take
                0x0000000000003fc4       0x50 zephyr/kernel/libkernel.a(sem.c.obj)
                0x0000000000003fc4                z_impl_k_sem_take
 .text.z_reset_time_slice
                0x0000000000004014       0x28 zephyr/kernel/libkernel.a(sched.c.obj)
                0x0000000000004014                z_reset_time_slice
 .text.k_sched_time_slice_set
                0x000000000000403c       0x64 zephyr/kernel/libkernel.a(sched.c.obj)
                0x000000000000403c                k_sched_time_slice_set
 .text.z_reschedule
                0x00000000000040a0       0x24 zephyr/kernel/libkernel.a(sched.c.obj)
                0x00000000000040a0                z_reschedule
 .text.k_sched_lock
                0x00000000000040c4       0x28 zephyr/kernel/libkernel.a(sched.c.obj)
                0x00000000000040c4                k_sched_lock
 .text.update_cache
                0x00000000000040ec       0x40 zephyr/kernel/libkernel.a(sched.c.obj)
 .text.move_thread_to_end_of_prio_q
                0x000000000000412c       0x74 zephyr/kernel/libkernel.a(sched.c.obj)
 .text.z_time_slice
                0x00000000000041a0       0x84 zephyr/kernel/libkernel.a(sched.c.obj)
                0x00000000000041a0                z_time_slice
 .text.ready_thread
                0x0000000000004224       0x6c zephyr/kernel/libkernel.a(sched.c.obj)
 .text.z_sched_start
                0x0000000000004290       0x3c zephyr/kernel/libkernel.a(sched.c.obj)
                0x0000000000004290                z_sched_start
 .text.unready_thread
                0x00000000000042cc       0x30 zephyr/kernel/libkernel.a(sched.c.obj)
 .text.pend     0x00000000000042fc       0x4c zephyr/kernel/libkernel.a(sched.c.obj)
 .text.z_pend_curr
                0x0000000000004348       0x28 zephyr/kernel/libkernel.a(sched.c.obj)
                0x0000000000004348                z_pend_curr
 .text.z_set_prio
                0x0000000000004370       0x90 zephyr/kernel/libkernel.a(sched.c.obj)
                0x0000000000004370                z_set_prio
 .text.z_impl_k_thread_suspend
                0x0000000000004400       0x64 zephyr/kernel/libkernel.a(sched.c.obj)
                0x0000000000004400                z_impl_k_thread_suspend
 .text.k_sched_unlock
                0x0000000000004464       0x38 zephyr/kernel/libkernel.a(sched.c.obj)
                0x0000000000004464                k_sched_unlock
 .text.z_sched_init
                0x000000000000449c       0x18 zephyr/kernel/libkernel.a(sched.c.obj)
                0x000000000000449c                z_sched_init
 .text.z_impl_k_yield
                0x00000000000044b4       0x80 zephyr/kernel/libkernel.a(sched.c.obj)
                0x00000000000044b4                z_impl_k_yield
 .text.z_tick_sleep
                0x0000000000004534       0x90 zephyr/kernel/libkernel.a(sched.c.obj)
 .text.z_impl_k_sleep
                0x00000000000045c4       0x34 zephyr/kernel/libkernel.a(sched.c.obj)
                0x00000000000045c4                z_impl_k_sleep
 .text.z_impl_z_current_get
                0x00000000000045f8        0xc zephyr/kernel/libkernel.a(sched.c.obj)
                0x00000000000045f8                z_impl_z_current_get
 .text.z_thread_abort
                0x0000000000004604       0xa4 zephyr/kernel/libkernel.a(sched.c.obj)
                0x0000000000004604                z_thread_abort
 .text.z_data_copy
                0x00000000000046a8       0x34 zephyr/kernel/libkernel.a(xip.c.obj)
                0x00000000000046a8                z_data_copy
 .text.elapsed  0x00000000000046dc       0x14 zephyr/kernel/libkernel.a(timeout.c.obj)
 .text.next_timeout
                0x00000000000046f0       0x4c zephyr/kernel/libkernel.a(timeout.c.obj)
 .text.remove_timeout
                0x000000000000473c       0x34 zephyr/kernel/libkernel.a(timeout.c.obj)
 .text.z_add_timeout
                0x0000000000004770       0xf4 zephyr/kernel/libkernel.a(timeout.c.obj)
                0x0000000000004770                z_add_timeout
 .text.sys_clock_announce
                0x0000000000004864       0xb8 zephyr/kernel/libkernel.a(timeout.c.obj)
                0x0000000000004864                sys_clock_announce
 .text.sys_clock_tick_get
                0x000000000000491c       0x30 zephyr/kernel/libkernel.a(timeout.c.obj)
                0x000000000000491c                sys_clock_tick_get
 .text.boot_banner
                0x000000000000494c       0x18 zephyr/kernel/libkernel.a(banner.c.obj)
                0x000000000000494c                boot_banner
 .text.nrf_cc3xx_platform_init_no_rng
                0x0000000000004964       0x38 C:/ncs/v2.0.0/nrfxlib/crypto/nrf_cc310_platform/lib/cortex-m4/soft-float/no-interrupts/libnrf_cc310_platform_0.9.14.a(nrf_cc3xx_platform.c.obj)
                0x0000000000004964                nrf_cc3xx_platform_init_no_rng
 .text.nrf_cc3xx_platform_abort
                0x000000000000499c       0x24 C:/ncs/v2.0.0/nrfxlib/crypto/nrf_cc310_platform/lib/cortex-m4/soft-float/no-interrupts/libnrf_cc310_platform_0.9.14.a(nrf_cc3xx_platform_abort.c.obj)
 .text.CC_PalAbort
                0x00000000000049c0       0x34 C:/ncs/v2.0.0/nrfxlib/crypto/nrf_cc310_platform/lib/cortex-m4/soft-float/no-interrupts/libnrf_cc310_platform_0.9.14.a(nrf_cc3xx_platform_abort.c.obj)
                0x00000000000049c0                CC_PalAbort
 .text.nrf_cc3xx_platform_set_abort
                0x00000000000049f4       0x10 C:/ncs/v2.0.0/nrfxlib/crypto/nrf_cc310_platform/lib/cortex-m4/soft-float/no-interrupts/libnrf_cc310_platform_0.9.14.a(nrf_cc3xx_platform_abort.c.obj)
                0x00000000000049f4                nrf_cc3xx_platform_set_abort
 .text.mutex_free
                0x0000000000004a04       0x28 C:/ncs/v2.0.0/nrfxlib/crypto/nrf_cc310_platform/lib/cortex-m4/soft-float/no-interrupts/libnrf_cc310_platform_0.9.14.a(nrf_cc3xx_platform_mutex.c.obj)
 .text.mutex_lock
                0x0000000000004a2c       0x40 C:/ncs/v2.0.0/nrfxlib/crypto/nrf_cc310_platform/lib/cortex-m4/soft-float/no-interrupts/libnrf_cc310_platform_0.9.14.a(nrf_cc3xx_platform_mutex.c.obj)
 .text.mutex_unlock
                0x0000000000004a6c       0x2c C:/ncs/v2.0.0/nrfxlib/crypto/nrf_cc310_platform/lib/cortex-m4/soft-float/no-interrupts/libnrf_cc310_platform_0.9.14.a(nrf_cc3xx_platform_mutex.c.obj)
 .text.mutex_init
                0x0000000000004a98       0x1c C:/ncs/v2.0.0/nrfxlib/crypto/nrf_cc310_platform/lib/cortex-m4/soft-float/no-interrupts/libnrf_cc310_platform_0.9.14.a(nrf_cc3xx_platform_mutex.c.obj)
 .text.nrf_cc3xx_platform_set_mutexes
                0x0000000000004ab4       0x60 C:/ncs/v2.0.0/nrfxlib/crypto/nrf_cc310_platform/lib/cortex-m4/soft-float/no-interrupts/libnrf_cc310_platform_0.9.14.a(nrf_cc3xx_platform_mutex.c.obj)
                0x0000000000004ab4                nrf_cc3xx_platform_set_mutexes
 .text.CC_LibInitNoRng
                0x0000000000004b14       0x64 C:/ncs/v2.0.0/nrfxlib/crypto/nrf_cc310_platform/lib/cortex-m4/soft-float/no-interrupts/libnrf_cc310_platform_0.9.14.a(cc_lib.c.obj)
                0x0000000000004b14                CC_LibInitNoRng
 .text.CC_HalInit
                0x0000000000004b78        0x4 C:/ncs/v2.0.0/nrfxlib/crypto/nrf_cc310_platform/lib/cortex-m4/soft-float/no-interrupts/libnrf_cc310_platform_0.9.14.a(cc_hal.c.obj)
                0x0000000000004b78                CC_HalInit
 .text.CC_HalTerminate
                0x0000000000004b7c        0x4 C:/ncs/v2.0.0/nrfxlib/crypto/nrf_cc310_platform/lib/cortex-m4/soft-float/no-interrupts/libnrf_cc310_platform_0.9.14.a(cc_hal.c.obj)
                0x0000000000004b7c                CC_HalTerminate
 .text.CC_HalMaskInterrupt
                0x0000000000004b80        0xc C:/ncs/v2.0.0/nrfxlib/crypto/nrf_cc310_platform/lib/cortex-m4/soft-float/no-interrupts/libnrf_cc310_platform_0.9.14.a(cc_hal.c.obj)
                0x0000000000004b80                CC_HalMaskInterrupt
 .text.CC_PalInit
                0x0000000000004b8c       0x5c C:/ncs/v2.0.0/nrfxlib/crypto/nrf_cc310_platform/lib/cortex-m4/soft-float/no-interrupts/libnrf_cc310_platform_0.9.14.a(cc_pal.c.obj)
                0x0000000000004b8c                CC_PalInit
 .text.CC_PalTerminate
                0x0000000000004be8       0x34 C:/ncs/v2.0.0/nrfxlib/crypto/nrf_cc310_platform/lib/cortex-m4/soft-float/no-interrupts/libnrf_cc310_platform_0.9.14.a(cc_pal.c.obj)
                0x0000000000004be8                CC_PalTerminate
 .text.CC_PalDmaInit
                0x0000000000004c1c        0x4 C:/ncs/v2.0.0/nrfxlib/crypto/nrf_cc310_platform/lib/cortex-m4/soft-float/no-interrupts/libnrf_cc310_platform_0.9.14.a(cc_pal_dma.c.obj)
                0x0000000000004c1c                CC_PalDmaInit
 .text.CC_PalDmaTerminate
                0x0000000000004c20        0x4 C:/ncs/v2.0.0/nrfxlib/crypto/nrf_cc310_platform/lib/cortex-m4/soft-float/no-interrupts/libnrf_cc310_platform_0.9.14.a(cc_pal_dma.c.obj)
                0x0000000000004c20                CC_PalDmaTerminate
 .text.CC_PalMutexCreate
                0x0000000000004c24       0x14 C:/ncs/v2.0.0/nrfxlib/crypto/nrf_cc310_platform/lib/cortex-m4/soft-float/no-interrupts/libnrf_cc310_platform_0.9.14.a(cc_pal_mutex.c.obj)
                0x0000000000004c24                CC_PalMutexCreate
 .text.CC_PalMutexDestroy
                0x0000000000004c38       0x14 C:/ncs/v2.0.0/nrfxlib/crypto/nrf_cc310_platform/lib/cortex-m4/soft-float/no-interrupts/libnrf_cc310_platform_0.9.14.a(cc_pal_mutex.c.obj)
                0x0000000000004c38                CC_PalMutexDestroy
 .text.CC_PalPowerSaveModeInit
                0x0000000000004c4c       0x3c C:/ncs/v2.0.0/nrfxlib/crypto/nrf_cc310_platform/lib/cortex-m4/soft-float/no-interrupts/libnrf_cc310_platform_0.9.14.a(cc_pal_pm.c.obj)
                0x0000000000004c4c                CC_PalPowerSaveModeInit
 .text.CC_PalPowerSaveModeSelect
                0x0000000000004c88       0x88 C:/ncs/v2.0.0/nrfxlib/crypto/nrf_cc310_platform/lib/cortex-m4/soft-float/no-interrupts/libnrf_cc310_platform_0.9.14.a(cc_pal_pm.c.obj)
                0x0000000000004c88                CC_PalPowerSaveModeSelect
 .text.I2CWriteBytes.constprop.0.isra.0
                0x0000000000004d10       0x3c app/libapp.a(SparkFunMiniMoto.c.obj)
 .text.sys_notify_validate
                0x0000000000004d4c       0x22 zephyr/libzephyr.a(notify.c.obj)
                0x0000000000004d4c                sys_notify_validate
 .text.sys_notify_finalize
                0x0000000000004d6e       0x1a zephyr/libzephyr.a(notify.c.obj)
                0x0000000000004d6e                sys_notify_finalize
 .text.arch_printk_char_out
                0x0000000000004d88        0x4 zephyr/libzephyr.a(printk.c.obj)
                0x0000000000004d88                arch_printk_char_out
 .text.printk   0x0000000000004d8c       0x1a zephyr/libzephyr.a(printk.c.obj)
                0x0000000000004d8c                printk
 .text.process_recheck
                0x0000000000004da6       0x38 zephyr/libzephyr.a(onoff.c.obj)
 .text.notify_one
                0x0000000000004dde       0x2c zephyr/libzephyr.a(onoff.c.obj)
 .text.transition_complete
                0x0000000000004e0a       0x1c zephyr/libzephyr.a(onoff.c.obj)
 .text.validate_args
                0x0000000000004e26       0x1e zephyr/libzephyr.a(onoff.c.obj)
 .text.onoff_manager_init
                0x0000000000004e44       0x26 zephyr/libzephyr.a(onoff.c.obj)
                0x0000000000004e44                onoff_manager_init
 .text.onoff_request
                0x0000000000004e6a       0x92 zephyr/libzephyr.a(onoff.c.obj)
                0x0000000000004e6a                onoff_request
 .text.z_thread_entry
                0x0000000000004efc       0x14 zephyr/libzephyr.a(thread_entry.c.obj)
                0x0000000000004efc                z_thread_entry
 .text.encode_uint
                0x0000000000004f10       0x8c zephyr/libzephyr.a(cbprintf_complete.c.obj)
 .text.outs     0x0000000000004f9c       0x2c zephyr/libzephyr.a(cbprintf_complete.c.obj)
 .text._ConfigAbsSyms
                0x0000000000004fc8        0x2 zephyr/libzephyr.a(configs.c.obj)
                0x0000000000004fc8                _ConfigAbsSyms
 .text.abort_function
                0x0000000000004fca        0x8 zephyr/libzephyr.a(nrf_cc3xx_platform_abort_zephyr.c.obj)
 .text.z_arm_fatal_error
                0x0000000000004fd2        0x4 zephyr/arch/arch/arm/core/aarch32/libarch__arm__core__aarch32.a(fatal.c.obj)
                0x0000000000004fd2                z_arm_fatal_error
 .text.z_do_kernel_oops
                0x0000000000004fd6        0x8 zephyr/arch/arch/arm/core/aarch32/libarch__arm__core__aarch32.a(fatal.c.obj)
                0x0000000000004fd6                z_do_kernel_oops
 .text.z_irq_spurious
                0x0000000000004fde        0x8 zephyr/arch/arch/arm/core/aarch32/libarch__arm__core__aarch32.a(irq_manage.c.obj)
                0x0000000000004fde                z_irq_spurious
 .text.z_arm_nmi
                0x0000000000004fe6        0xe zephyr/arch/arch/arm/core/aarch32/libarch__arm__core__aarch32.a(nmi.c.obj)
                0x0000000000004fe6                z_arm_nmi
 .text.strcpy   0x0000000000004ff4       0x14 zephyr/lib/libc/minimal/liblib__libc__minimal.a(string.c.obj)
                0x0000000000004ff4                strcpy
 .text.strlen   0x0000000000005008        0xe zephyr/lib/libc/minimal/liblib__libc__minimal.a(string.c.obj)
                0x0000000000005008                strlen
 .text.strnlen  0x0000000000005016       0x12 zephyr/lib/libc/minimal/liblib__libc__minimal.a(string.c.obj)
                0x0000000000005016                strnlen
 .text.memcpy   0x0000000000005028       0x16 zephyr/lib/libc/minimal/liblib__libc__minimal.a(string.c.obj)
                0x0000000000005028                memcpy
 .text.memset   0x000000000000503e       0x12 zephyr/lib/libc/minimal/liblib__libc__minimal.a(string.c.obj)
                0x000000000000503e                memset
 .text._stdout_hook_default
                0x0000000000005050        0x6 zephyr/lib/libc/minimal/liblib__libc__minimal.a(stdout_console.c.obj)
 .text.pm_state_set
                0x0000000000005056       0x18 zephyr/soc/arm/nordic_nrf/nrf52/libsoc__arm__nordic_nrf__nrf52.a(power.c.obj)
                0x0000000000005056                pm_state_set
 .text.pm_state_exit_post_ops
                0x000000000000506e        0xc zephyr/soc/arm/nordic_nrf/nrf52/libsoc__arm__nordic_nrf__nrf52.a(power.c.obj)
                0x000000000000506e                pm_state_exit_post_ops
 .text.get_status
                0x000000000000507a       0x12 zephyr/drivers/clock_control/libdrivers__clock_control.a(clock_control_nrf.c.obj)
 .text.set_on_state
                0x000000000000508c       0x26 zephyr/drivers/clock_control/libdrivers__clock_control.a(clock_control_nrf.c.obj)
 .text.stop     0x00000000000050b2       0x52 zephyr/drivers/clock_control/libdrivers__clock_control.a(clock_control_nrf.c.obj)
 .text.api_stop
                0x0000000000005104        0x6 zephyr/drivers/clock_control/libdrivers__clock_control.a(clock_control_nrf.c.obj)
 .text.async_start
                0x000000000000510a       0x62 zephyr/drivers/clock_control/libdrivers__clock_control.a(clock_control_nrf.c.obj)
 .text.api_start
                0x000000000000516c        0xe zephyr/drivers/clock_control/libdrivers__clock_control.a(clock_control_nrf.c.obj)
 .text.onoff_started_callback
                0x000000000000517a       0x12 zephyr/drivers/clock_control/libdrivers__clock_control.a(clock_control_nrf.c.obj)
 .text.lfclk_start
                0x000000000000518c        0x6 zephyr/drivers/clock_control/libdrivers__clock_control.a(clock_control_nrf.c.obj)
 .text.lfclk_stop
                0x0000000000005192        0x6 zephyr/drivers/clock_control/libdrivers__clock_control.a(clock_control_nrf.c.obj)
 .text.blocking_start_callback
                0x0000000000005198        0x6 zephyr/drivers/clock_control/libdrivers__clock_control.a(clock_control_nrf.c.obj)
 .text.gpio_nrfx_port_get_raw
                0x000000000000519e        0xe zephyr/drivers/gpio/libdrivers__gpio.a(gpio_nrfx.c.obj)
 .text.gpio_nrfx_port_set_masked_raw
                0x00000000000051ac       0x16 zephyr/drivers/gpio/libdrivers__gpio.a(gpio_nrfx.c.obj)
 .text.gpio_nrfx_port_set_bits_raw
                0x00000000000051c2        0xc zephyr/drivers/gpio/libdrivers__gpio.a(gpio_nrfx.c.obj)
 .text.gpio_nrfx_port_clear_bits_raw
                0x00000000000051ce        0xc zephyr/drivers/gpio/libdrivers__gpio.a(gpio_nrfx.c.obj)
 .text.gpio_nrfx_port_toggle_bits
                0x00000000000051da       0x12 zephyr/drivers/gpio/libdrivers__gpio.a(gpio_nrfx.c.obj)
 .text.gpio_nrfx_manage_callback
                0x00000000000051ec       0x54 zephyr/drivers/gpio/libdrivers__gpio.a(gpio_nrfx.c.obj)
 .text.i2c_nrfx_twi_configure
                0x0000000000005240       0x32 zephyr/drivers/i2c/libdrivers__i2c.a(i2c_nrfx_twi.c.obj)
 .text.uarte_nrfx_config_get
                0x0000000000005272       0x10 zephyr/drivers/serial/libdrivers__serial.a(uart_nrfx_uarte.c.obj)
 .text.uarte_nrfx_err_check
                0x0000000000005282        0xe zephyr/drivers/serial/libdrivers__serial.a(uart_nrfx_uarte.c.obj)
 .text.uarte_nrfx_poll_in
                0x0000000000005290       0x26 zephyr/drivers/serial/libdrivers__serial.a(uart_nrfx_uarte.c.obj)
 .text.is_tx_ready.isra.0
                0x00000000000052b6       0x20 zephyr/drivers/serial/libdrivers__serial.a(uart_nrfx_uarte.c.obj)
 .text.uarte_nrfx_isr_int
                0x00000000000052d6       0x72 zephyr/drivers/serial/libdrivers__serial.a(uart_nrfx_uarte.c.obj)
 .text.uarte_1_init
                0x0000000000005348       0x1e zephyr/drivers/serial/libdrivers__serial.a(uart_nrfx_uarte.c.obj)
 .text.uarte_0_init
                0x0000000000005366       0x1e zephyr/drivers/serial/libdrivers__serial.a(uart_nrfx_uarte.c.obj)
 .text.sys_clock_idle_exit
                0x0000000000005384        0x2 zephyr/drivers/timer/libdrivers__timer.a(sys_clock_init.c.obj)
                0x0000000000005384                sys_clock_idle_exit
 .text.pinctrl_lookup_state
                0x0000000000005386       0x30 zephyr/drivers/pinctrl/libdrivers__pinctrl.a(common.c.obj)
                0x0000000000005386                pinctrl_lookup_state
 .text.nrf_gpio_pin_write
                0x00000000000053b6        0xa zephyr/drivers/pinctrl/libdrivers__pinctrl.a(pinctrl_nrf.c.obj)
 .text.pinctrl_configure_pins
                0x00000000000053c0      0x13e zephyr/drivers/pinctrl/libdrivers__pinctrl.a(pinctrl_nrf.c.obj)
                0x00000000000053c0                pinctrl_configure_pins
 .text.k_sys_fatal_error_handler
                0x00000000000054fe        0x8 modules/nrf/lib/fatal_error/lib..__nrf__lib__fatal_error.a(fatal_error.c.obj)
                0x00000000000054fe                k_sys_fatal_error_handler
 .text.hw_cc3xx_init_internal
                0x0000000000005506        0x4 modules/nrf/drivers/hw_cc310/lib..__nrf__drivers__hw_cc310.a(hw_cc310.c.obj)
 .text.hw_cc3xx_init
                0x000000000000550a       0x12 modules/nrf/drivers/hw_cc310/lib..__nrf__drivers__hw_cc310.a(hw_cc310.c.obj)
 .text.nrf52_errata_36
                0x000000000000551c       0x12 modules/hal_nordic/nrfx/libmodules__hal_nordic__nrfx.a(system_nrf52840.c.obj)
 .text.nrfx_isr
                0x000000000000552e        0x2 modules/hal_nordic/nrfx/libmodules__hal_nordic__nrfx.a(nrfx_glue.c.obj)
                0x000000000000552e                nrfx_isr
 .text.nrfx_busy_wait
                0x0000000000005530        0x4 modules/hal_nordic/nrfx/libmodules__hal_nordic__nrfx.a(nrfx_glue.c.obj)
                0x0000000000005530                nrfx_busy_wait
 .text.nrfx_clock_enable
                0x0000000000005534       0x1a modules/hal_nordic/nrfx/libmodules__hal_nordic__nrfx.a(nrfx_clock.c.obj)
                0x0000000000005534                nrfx_clock_enable
 .text.nrfx_clock_start
                0x000000000000554e       0x7a modules/hal_nordic/nrfx/libmodules__hal_nordic__nrfx.a(nrfx_clock.c.obj)
                0x000000000000554e                nrfx_clock_start
 .text.nrfx_clock_stop
                0x00000000000055c8        0x4 modules/hal_nordic/nrfx/libmodules__hal_nordic__nrfx.a(nrfx_clock.c.obj)
                0x00000000000055c8                nrfx_clock_stop
 .text.nrf_gpio_reconfigure
                0x00000000000055cc       0x8e modules/hal_nordic/nrfx/libmodules__hal_nordic__nrfx.a(nrfx_gpiote.c.obj)
 .text.nrf_gpio_cfg_sense_set
                0x000000000000565a       0x1e modules/hal_nordic/nrfx/libmodules__hal_nordic__nrfx.a(nrfx_gpiote.c.obj)
 .text.twi_send_byte
                0x0000000000005678       0x3a modules/hal_nordic/nrfx/libmodules__hal_nordic__nrfx.a(nrfx_twi.c.obj)
 .text.twi_transfer
                0x00000000000056b2      0x118 modules/hal_nordic/nrfx/libmodules__hal_nordic__nrfx.a(nrfx_twi.c.obj)
 .text.nrf_gpio_pin_set
                0x00000000000057ca       0x1a modules/hal_nordic/nrfx/libmodules__hal_nordic__nrfx.a(nrfx_twi_twim.c.obj)
 .text.SEGGER_RTT_Init
                0x00000000000057e4        0x4 modules/segger/libmodules__segger.a(SEGGER_RTT.c.obj)
                0x00000000000057e4                SEGGER_RTT_Init
 .text.rtt_init
                0x00000000000057e8        0xa modules/segger/libmodules__segger.a(SEGGER_RTT_zephyr.c.obj)
 .text.z_device_state_init
                0x00000000000057f2        0x2 zephyr/kernel/libkernel.a(device.c.obj)
                0x00000000000057f2                z_device_state_init
 .text.z_device_is_ready
                0x00000000000057f4       0x14 zephyr/kernel/libkernel.a(device.c.obj)
                0x00000000000057f4                z_device_is_ready
 .text.z_fatal_error
                0x0000000000005808       0x36 zephyr/kernel/libkernel.a(fatal.c.obj)
                0x0000000000005808                z_fatal_error
 .text.z_early_memset
                0x000000000000583e        0x4 zephyr/kernel/libkernel.a(init.c.obj)
                0x000000000000583e                z_early_memset
 .text.z_early_memcpy
                0x0000000000005842        0x4 zephyr/kernel/libkernel.a(init.c.obj)
                0x0000000000005842                z_early_memcpy
 .text.k_mem_slab_init
                0x0000000000005846       0x36 zephyr/kernel/libkernel.a(mem_slab.c.obj)
                0x0000000000005846                k_mem_slab_init
 .text.k_mem_slab_free
                0x000000000000587c       0x52 zephyr/kernel/libkernel.a(mem_slab.c.obj)
                0x000000000000587c                k_mem_slab_free
 .text.k_is_in_isr
                0x00000000000058ce        0xc zephyr/kernel/libkernel.a(thread.c.obj)
                0x00000000000058ce                k_is_in_isr
 .text.z_pm_save_idle_exit
                0x00000000000058da        0xe zephyr/kernel/libkernel.a(idle.c.obj)
                0x00000000000058da                z_pm_save_idle_exit
 .text.adjust_owner_prio.isra.0
                0x00000000000058e8       0x10 zephyr/kernel/libkernel.a(mutex.c.obj)
 .text.z_impl_k_mutex_init
                0x00000000000058f8        0xe zephyr/kernel/libkernel.a(mutex.c.obj)
                0x00000000000058f8                z_impl_k_mutex_init
 .text.sys_dlist_remove
                0x0000000000005906       0x10 zephyr/kernel/libkernel.a(sched.c.obj)
 .text.unpend_thread_no_timeout
                0x0000000000005916       0x14 zephyr/kernel/libkernel.a(sched.c.obj)
 .text.z_reschedule_irqlock
                0x000000000000592a       0x18 zephyr/kernel/libkernel.a(sched.c.obj)
                0x000000000000592a                z_reschedule_irqlock
 .text.z_reschedule_unlocked
                0x0000000000005942       0x14 zephyr/kernel/libkernel.a(sched.c.obj)
 .text.z_priq_dumb_best
                0x0000000000005956        0xc zephyr/kernel/libkernel.a(sched.c.obj)
                0x0000000000005956                z_priq_dumb_best
 .text.z_ready_thread
                0x0000000000005962       0x20 zephyr/kernel/libkernel.a(sched.c.obj)
                0x0000000000005962                z_ready_thread
 .text.z_thread_timeout
                0x0000000000005982       0x44 zephyr/kernel/libkernel.a(sched.c.obj)
                0x0000000000005982                z_thread_timeout
 .text.add_to_waitq_locked
                0x00000000000059c6       0x54 zephyr/kernel/libkernel.a(sched.c.obj)
 .text.z_unpend_first_thread
                0x0000000000005a1a       0x30 zephyr/kernel/libkernel.a(sched.c.obj)
                0x0000000000005a1a                z_unpend_first_thread
 .text.z_abort_timeout
                0x0000000000005a4a       0x2c zephyr/kernel/libkernel.a(timeout.c.obj)
                0x0000000000005a4a                z_abort_timeout
 .text.z_get_next_timeout_expiry
                0x0000000000005a76       0x20 zephyr/kernel/libkernel.a(timeout.c.obj)
                0x0000000000005a76                z_get_next_timeout_expiry
 .text.z_set_timeout_expiry
                0x0000000000005a96       0x34 zephyr/kernel/libkernel.a(timeout.c.obj)
                0x0000000000005a96                z_set_timeout_expiry
 .text.sys_clock_tick_get_32
                0x0000000000005aca        0x8 zephyr/kernel/libkernel.a(timeout.c.obj)
                0x0000000000005aca                sys_clock_tick_get_32
 .text.z_impl_k_busy_wait
                0x0000000000005ad2        0x8 zephyr/kernel/libkernel.a(timeout.c.obj)
                0x0000000000005ad2                z_impl_k_busy_wait
 .text._OffsetAbsSyms
                0x0000000000005ada        0x2 zephyr/CMakeFiles/offsets.dir/./arch/arm/core/offsets/offsets.c.obj
                0x0000000000005ada                _OffsetAbsSyms
 *(SORT_BY_ALIGNMENT(.TEXT.*))
 .TEXT.z_arm_platform_init
                0x0000000000005adc        0x4 zephyr/libzephyr.a(soc_nrf_common.S.obj)
                0x0000000000005adc                z_arm_platform_init
 *(SORT_BY_ALIGNMENT(.gnu.linkonce.t.*))
 *(SORT_BY_ALIGNMENT(.glue_7t))
 .glue_7t       0x0000000000005ae0        0x0 linker stubs
 *(SORT_BY_ALIGNMENT(.glue_7))
 .glue_7        0x0000000000005ae0        0x0 linker stubs
 *(SORT_BY_ALIGNMENT(.vfp11_veneer))
 .vfp11_veneer  0x0000000000005ae0        0x0 linker stubs
 *(SORT_BY_ALIGNMENT(.v4_bx))
 .v4_bx         0x0000000000005ae0        0x0 linker stubs
                0x0000000000005ae0                __text_region_end = .

.ARM.exidx      0x0000000000005ae0        0x8
                0x0000000000005ae0                __exidx_start = .
 *(SORT_BY_ALIGNMENT(.ARM.exidx*) SORT_BY_ALIGNMENT(gnu.linkonce.armexidx.*))
 .ARM.exidx     0x0000000000005ae0        0x8 c:/ncs/toolchains/v2.0.0/opt/zephyr-sdk/arm-zephyr-eabi/bin/../lib/gcc/arm-zephyr-eabi/10.3.0/thumb/v7e-m/nofp\libgcc.a(_udivmoddi4.o)
                0x0000000000005ae8                __exidx_end = .
                0x0000000000005ae8                __rodata_region_start = .

initlevel       0x0000000000005ae8       0x68
                0x0000000000005ae8                __init_start = .
                0x0000000000005ae8                __init_PRE_KERNEL_1_start = .
 *(SORT_BY_NAME(SORT_BY_ALIGNMENT(.z_init_PRE_KERNEL_1[0-9]_*)))
 .z_init_PRE_KERNEL_10_
                0x0000000000005ae8        0x8 zephyr/soc/arm/nordic_nrf/nrf52/libsoc__arm__nordic_nrf__nrf52.a(soc.c.obj)
 *(SORT_BY_NAME(SORT_BY_ALIGNMENT(.z_init_PRE_KERNEL_1[1-9][0-9]_*)))
 .z_init_PRE_KERNEL_130_
                0x0000000000005af0        0x8 zephyr/drivers/clock_control/libdrivers__clock_control.a(clock_control_nrf.c.obj)
 .z_init_PRE_KERNEL_130_
                0x0000000000005af8        0x8 modules/segger/libmodules__segger.a(SEGGER_RTT_zephyr.c.obj)
 .z_init_PRE_KERNEL_130_
                0x0000000000005b00        0x8 zephyr/kernel/libkernel.a(mem_slab.c.obj)
 .z_init_PRE_KERNEL_140_
                0x0000000000005b08       0x10 zephyr/drivers/gpio/libdrivers__gpio.a(gpio_nrfx.c.obj)
 .z_init_PRE_KERNEL_140_
                0x0000000000005b18        0x8 modules/nrf/drivers/hw_cc310/lib..__nrf__drivers__hw_cc310.a(hw_cc310.c.obj)
 .z_init_PRE_KERNEL_155_
                0x0000000000005b20       0x10 zephyr/drivers/serial/libdrivers__serial.a(uart_nrfx_uarte.c.obj)
 .z_init_PRE_KERNEL_160_
                0x0000000000005b30        0x8 zephyr/drivers/console/libdrivers__console.a(uart_console.c.obj)
                0x0000000000005b38                __init_PRE_KERNEL_2_start = .
 *(SORT_BY_NAME(SORT_BY_ALIGNMENT(.z_init_PRE_KERNEL_2[0-9]_*)))
 .z_init_PRE_KERNEL_20_
                0x0000000000005b38        0x8 zephyr/drivers/timer/libdrivers__timer.a(nrf_rtc_timer.c.obj)
 *(SORT_BY_NAME(SORT_BY_ALIGNMENT(.z_init_PRE_KERNEL_2[1-9][0-9]_*)))
                0x0000000000005b40                __init_POST_KERNEL_start = .
 *(SORT_BY_NAME(SORT_BY_ALIGNMENT(.z_init_POST_KERNEL[0-9]_*)))
 *(SORT_BY_NAME(SORT_BY_ALIGNMENT(.z_init_POST_KERNEL[1-9][0-9]_*)))
 .z_init_POST_KERNEL40_
                0x0000000000005b40        0x8 modules/nrf/drivers/hw_cc310/lib..__nrf__drivers__hw_cc310.a(hw_cc310.c.obj)
 .z_init_POST_KERNEL50_
                0x0000000000005b48        0x8 zephyr/drivers/i2c/libdrivers__i2c.a(i2c_nrfx_twi.c.obj)
                0x0000000000005b50                __init_APPLICATION_start = .
 *(SORT_BY_NAME(SORT_BY_ALIGNMENT(.z_init_APPLICATION[0-9]_*)))
 *(SORT_BY_NAME(SORT_BY_ALIGNMENT(.z_init_APPLICATION[1-9][0-9]_*)))
                0x0000000000005b50                __init_SMP_start = .
 *(SORT_BY_NAME(SORT_BY_ALIGNMENT(.z_init_SMP[0-9]_*)))
 *(SORT_BY_NAME(SORT_BY_ALIGNMENT(.z_init_SMP[1-9][0-9]_*)))
                0x0000000000005b50                __init_end = .

devices         0x0000000000005b50       0x90
                0x0000000000005b50                __device_start = .
                0x0000000000005b50                __device_PRE_KERNEL_1_start = .
 *(SORT_BY_NAME(SORT_BY_ALIGNMENT(.z_device_PRE_KERNEL_1[0-9]_*)))
 *(SORT_BY_NAME(SORT_BY_ALIGNMENT(.z_device_PRE_KERNEL_1[1-9][0-9]_*)))
 .z_device_PRE_KERNEL_130_
                0x0000000000005b50       0x18 zephyr/drivers/clock_control/libdrivers__clock_control.a(clock_control_nrf.c.obj)
                0x0000000000005b50                __device_dts_ord_72
 .z_device_PRE_KERNEL_140_
                0x0000000000005b68       0x30 zephyr/drivers/gpio/libdrivers__gpio.a(gpio_nrfx.c.obj)
                0x0000000000005b68                __device_dts_ord_11
                0x0000000000005b80                __device_dts_ord_104
 .z_device_PRE_KERNEL_155_
                0x0000000000005b98       0x30 zephyr/drivers/serial/libdrivers__serial.a(uart_nrfx_uarte.c.obj)
                0x0000000000005b98                __device_dts_ord_113
                0x0000000000005bb0                __device_dts_ord_112
                0x0000000000005bc8                __device_PRE_KERNEL_2_start = .
 *(SORT_BY_NAME(SORT_BY_ALIGNMENT(.z_device_PRE_KERNEL_2[0-9]_*)))
 *(SORT_BY_NAME(SORT_BY_ALIGNMENT(.z_device_PRE_KERNEL_2[1-9][0-9]_*)))
                0x0000000000005bc8                __device_POST_KERNEL_start = .
 *(SORT_BY_NAME(SORT_BY_ALIGNMENT(.z_device_POST_KERNEL[0-9]_*)))
 *(SORT_BY_NAME(SORT_BY_ALIGNMENT(.z_device_POST_KERNEL[1-9][0-9]_*)))
 .z_device_POST_KERNEL50_
                0x0000000000005bc8       0x18 zephyr/drivers/i2c/libdrivers__i2c.a(i2c_nrfx_twi.c.obj)
                0x0000000000005bc8                __device_dts_ord_83
                0x0000000000005be0                __device_APPLICATION_start = .
 *(SORT_BY_NAME(SORT_BY_ALIGNMENT(.z_device_APPLICATION[0-9]_*)))
 *(SORT_BY_NAME(SORT_BY_ALIGNMENT(.z_device_APPLICATION[1-9][0-9]_*)))
                0x0000000000005be0                __device_SMP_start = .
 *(SORT_BY_NAME(SORT_BY_ALIGNMENT(.z_device_SMP[0-9]_*)))
 *(SORT_BY_NAME(SORT_BY_ALIGNMENT(.z_device_SMP[1-9][0-9]_*)))
                0x0000000000005be0                __device_end = .

sw_isr_table    0x0000000000005be0      0x180
                0x0000000000005be0                . = ALIGN (0x0)
 *(SORT_BY_ALIGNMENT(.gnu.linkonce.sw_isr_table*))
 .gnu.linkonce.sw_isr_table
                0x0000000000005be0      0x180 zephyr/arch/common/libisr_tables.a(isr_tables.c.obj)
                0x0000000000005be0                _sw_isr_table

initlevel_error
                0x0000000000005ae8        0x0
 *(SORT_BY_NAME(SORT_BY_ALIGNMENT(.z_init_[_A-Z0-9]*)))
                0x0000000000000001                ASSERT ((SIZEOF (initlevel_error) == 0x0), Undefined initialization levels used.)

app_shmem_regions
                0x0000000000005d60        0x0
                0x0000000000005d60                __app_shmem_regions_start = .
 *(SORT_BY_NAME(SORT_BY_ALIGNMENT(.app_regions.*)))
                0x0000000000005d60                __app_shmem_regions_end = .

bt_l2cap_fixed_chan_area
                0x0000000000005d60        0x0
                0x0000000000005d60                _bt_l2cap_fixed_chan_list_start = .
 *(SORT_BY_NAME(SORT_BY_ALIGNMENT(._bt_l2cap_fixed_chan.static.*)))
                0x0000000000005d60                _bt_l2cap_fixed_chan_list_end = .

bt_gatt_service_static_area
                0x0000000000005d60        0x0
                0x0000000000005d60                _bt_gatt_service_static_list_start = .
 *(SORT_BY_NAME(SORT_BY_ALIGNMENT(._bt_gatt_service_static.static.*)))
                0x0000000000005d60                _bt_gatt_service_static_list_end = .

k_p4wq_initparam_area
                0x0000000000005d60        0x0
                0x0000000000005d60                _k_p4wq_initparam_list_start = .
 *(SORT_BY_NAME(SORT_BY_ALIGNMENT(._k_p4wq_initparam.static.*)))
                0x0000000000005d60                _k_p4wq_initparam_list_end = .

log_strings_sections
                0x0000000000005d60        0x0
                0x0000000000005d60                __log_strings_start = .
 *(SORT_BY_NAME(SORT_BY_ALIGNMENT(.log_strings*)))
                0x0000000000005d60                __log_strings_end = .

log_const_sections
                0x0000000000005d60        0x0
                0x0000000000005d60                __log_const_start = .
 *(SORT_BY_NAME(SORT_BY_ALIGNMENT(.log_const_*)))
                0x0000000000005d60                __log_const_end = .

log_backends_sections
                0x0000000000005d60        0x0
                0x0000000000005d60                __log_backends_start = .
 *(SORT_BY_ALIGNMENT(._log_backend.*))
                0x0000000000005d60                __log_backends_end = .

shell_area      0x0000000000005d60        0x0
                0x0000000000005d60                _shell_list_start = .
 *(SORT_BY_NAME(SORT_BY_ALIGNMENT(._shell.static.*)))
                0x0000000000005d60                _shell_list_end = .

shell_root_cmds_sections
                0x0000000000005d60        0x0
                0x0000000000005d60                __shell_root_cmds_start = .
 *(SORT_BY_NAME(SORT_BY_ALIGNMENT(.shell_root_cmd_*)))
                0x0000000000005d60                __shell_root_cmds_end = .

font_entry_sections
                0x0000000000005d60        0x0
                0x0000000000005d60                __font_entry_start = .
 *(SORT_BY_NAME(SORT_BY_ALIGNMENT(._cfb_font.*)))
                0x0000000000005d60                __font_entry_end = .

tracing_backend_area
                0x0000000000005d60        0x0
                0x0000000000005d60                _tracing_backend_list_start = .
 *(SORT_BY_NAME(SORT_BY_ALIGNMENT(._tracing_backend.static.*)))
                0x0000000000005d60                _tracing_backend_list_end = .

zephyr_dbg_info
 *(SORT_BY_ALIGNMENT(.dbg_thread_info))

device_handles  0x0000000000005d60       0x56
                0x0000000000005d60                __device_handles_start = .
 *(SORT_BY_NAME(SORT_BY_ALIGNMENT(.__device_handles_pass1*)))
 .__device_handles_pass1
                0x0000000000005d60        0xa zephyr/drivers/clock_control/libdrivers__clock_control.a(clock_control_nrf.c.obj)
                0x0000000000005d60                __devicehdl_DT_N_S_soc_S_clock_40000000
 .__device_handles_pass1
                0x0000000000005d6a       0x22 zephyr/drivers/gpio/libdrivers__gpio.a(gpio_nrfx.c.obj)
                0x0000000000005d6a                __devicehdl_DT_N_S_soc_S_gpio_50000300
                0x0000000000005d74                __devicehdl_DT_N_S_soc_S_gpio_50000000
 .__device_handles_pass1
                0x0000000000005d8c        0xe zephyr/drivers/i2c/libdrivers__i2c.a(i2c_nrfx_twi.c.obj)
                0x0000000000005d8c                __devicehdl_DT_N_S_soc_S_i2c_40003000
 .__device_handles_pass1
                0x0000000000005d9a       0x1c zephyr/drivers/serial/libdrivers__serial.a(uart_nrfx_uarte.c.obj)
                0x0000000000005d9a                __devicehdl_DT_N_S_soc_S_uart_40028000
                0x0000000000005da8                __devicehdl_DT_N_S_soc_S_uart_40002000
                0x0000000000005db6                __device_handles_end = .

rodata          0x0000000000005dc0      0x394
 *(SORT_BY_ALIGNMENT(.rodata))
 *(SORT_BY_ALIGNMENT(.rodata.*))
 .rodata.delay_machine_code.0
                0x0000000000005dc0        0x6 zephyr/soc/arm/nordic_nrf/nrf52/libsoc__arm__nordic_nrf__nrf52.a(soc.c.obj)
 *fill*         0x0000000000005dc6        0x2 
 .rodata.pmstates_DT_N_S_cpus_S_cpu_0
                0x0000000000005dc8        0x0 zephyr/libzephyr.a(state.c.obj)
 .rodata.apis   0x0000000000005dc8        0x8 zephyr/libzephyr.a(nrf_cc3xx_platform_abort_zephyr.c.obj)
 .rodata.mutex_apis
                0x0000000000005dd0       0x10 zephyr/libzephyr.a(nrf_cc3xx_platform_mutex_zephyr.c.obj)
 .rodata.mutexes
                0x0000000000005de0       0x14 zephyr/libzephyr.a(nrf_cc3xx_platform_mutex_zephyr.c.obj)
 .rodata.static_regions
                0x0000000000005df4        0xc zephyr/arch/arch/arm/core/aarch32/mpu/libarch__arm__core__aarch32__mpu.a(arm_core_mpu.c.obj)
 .rodata.mpu_config
                0x0000000000005e00        0x8 zephyr/soc/arm/common/cortex_m/libsoc__arm__common__cortex_m.a(arm_mpu_regions.c.obj)
                0x0000000000005e00                mpu_config
 .rodata.mpu_regions
                0x0000000000005e08       0x18 zephyr/soc/arm/common/cortex_m/libsoc__arm__common__cortex_m.a(arm_mpu_regions.c.obj)
 .rodata.clock_control_api
                0x0000000000005e20       0x18 zephyr/drivers/clock_control/libdrivers__clock_control.a(clock_control_nrf.c.obj)
 .rodata.config
                0x0000000000005e38       0x10 zephyr/drivers/clock_control/libdrivers__clock_control.a(clock_control_nrf.c.obj)
 .rodata.transitions.0
                0x0000000000005e48        0xc zephyr/drivers/clock_control/libdrivers__clock_control.a(clock_control_nrf.c.obj)
 .rodata.gpio_nrfx_drv_api_funcs
                0x0000000000005e54       0x24 zephyr/drivers/gpio/libdrivers__gpio.a(gpio_nrfx.c.obj)
 .rodata.gpio_nrfx_p0_cfg
                0x0000000000005e78       0x10 zephyr/drivers/gpio/libdrivers__gpio.a(gpio_nrfx.c.obj)
 .rodata.gpio_nrfx_p1_cfg
                0x0000000000005e88       0x10 zephyr/drivers/gpio/libdrivers__gpio.a(gpio_nrfx.c.obj)
 .rodata.__pinctrl_dev_config__device_dts_ord_83
                0x0000000000005e98        0xc zephyr/drivers/i2c/libdrivers__i2c.a(i2c_nrfx_twi.c.obj)
 .rodata.__pinctrl_state_pins_0__device_dts_ord_83
                0x0000000000005ea4        0x8 zephyr/drivers/i2c/libdrivers__i2c.a(i2c_nrfx_twi.c.obj)
 .rodata.__pinctrl_states__device_dts_ord_83
                0x0000000000005eac        0x8 zephyr/drivers/i2c/libdrivers__i2c.a(i2c_nrfx_twi.c.obj)
 .rodata.i2c_nrfx_twi_driver_api
                0x0000000000005eb4       0x18 zephyr/drivers/i2c/libdrivers__i2c.a(i2c_nrfx_twi.c.obj)
 .rodata.twi_0z_config
                0x0000000000005ecc       0x1c zephyr/drivers/i2c/libdrivers__i2c.a(i2c_nrfx_twi.c.obj)
 .rodata.__pinctrl_dev_config__device_dts_ord_112
                0x0000000000005ee8        0xc zephyr/drivers/serial/libdrivers__serial.a(uart_nrfx_uarte.c.obj)
 .rodata.__pinctrl_dev_config__device_dts_ord_113
                0x0000000000005ef4        0xc zephyr/drivers/serial/libdrivers__serial.a(uart_nrfx_uarte.c.obj)
 .rodata.__pinctrl_state_pins_0__device_dts_ord_112
                0x0000000000005f00       0x10 zephyr/drivers/serial/libdrivers__serial.a(uart_nrfx_uarte.c.obj)
 .rodata.__pinctrl_state_pins_0__device_dts_ord_113
                0x0000000000005f10        0x8 zephyr/drivers/serial/libdrivers__serial.a(uart_nrfx_uarte.c.obj)
 .rodata.__pinctrl_states__device_dts_ord_112
                0x0000000000005f18        0x8 zephyr/drivers/serial/libdrivers__serial.a(uart_nrfx_uarte.c.obj)
 .rodata.__pinctrl_states__device_dts_ord_113
                0x0000000000005f20        0x8 zephyr/drivers/serial/libdrivers__serial.a(uart_nrfx_uarte.c.obj)
 .rodata.uart_nrfx_uarte_driver_api
                0x0000000000005f28       0x14 zephyr/drivers/serial/libdrivers__serial.a(uart_nrfx_uarte.c.obj)
 .rodata.uarte_0z_config
                0x0000000000005f3c       0x10 zephyr/drivers/serial/libdrivers__serial.a(uart_nrfx_uarte.c.obj)
 .rodata.uarte_1z_config
                0x0000000000005f4c       0x10 zephyr/drivers/serial/libdrivers__serial.a(uart_nrfx_uarte.c.obj)
 .rodata.levels.0
                0x0000000000005f5c       0x14 zephyr/kernel/libkernel.a(device.c.obj)
 .rodata._k_neg_eagain
                0x0000000000005f70        0x4 zephyr/kernel/libkernel.a(errno.c.obj)
                0x0000000000005f70                _k_neg_eagain
 .rodata.CSWTCH.12
                0x0000000000005f74       0x1c C:/ncs/v2.0.0/nrfxlib/crypto/nrf_cc310_platform/lib/cortex-m4/soft-float/no-interrupts/libnrf_cc310_platform_0.9.14.a(nrf_cc3xx_platform.c.obj)
 .rodata.mutex_free.str1.4
                0x0000000000005f90       0x26 C:/ncs/v2.0.0/nrfxlib/crypto/nrf_cc310_platform/lib/cortex-m4/soft-float/no-interrupts/libnrf_cc310_platform_0.9.14.a(nrf_cc3xx_platform_mutex.c.obj)
 *fill*         0x0000000000005fb6        0x2 
 .rodata.mutex_init.str1.4
                0x0000000000005fb8       0x23 C:/ncs/v2.0.0/nrfxlib/crypto/nrf_cc310_platform/lib/cortex-m4/soft-float/no-interrupts/libnrf_cc310_platform_0.9.14.a(nrf_cc3xx_platform_mutex.c.obj)
 *fill*         0x0000000000005fdb        0x1 
 .rodata.CC_PalPowerSaveModeInit.str1.4
                0x0000000000005fdc       0x20 C:/ncs/v2.0.0/nrfxlib/crypto/nrf_cc310_platform/lib/cortex-m4/soft-float/no-interrupts/libnrf_cc310_platform_0.9.14.a(cc_pal_pm.c.obj)
 .rodata.main.str1.1
                0x0000000000005ffc       0x25 app/libapp.a(main.c.obj)
 .rodata.mini_motor_init.str1.1
                0x0000000000006021       0x1b app/libapp.a(SparkFunMiniMoto.c.obj)
 .rodata.cbvprintf.str1.1
                0x000000000000603c        0x6 zephyr/libzephyr.a(cbprintf_complete.c.obj)
 .rodata.sys_reboot.str1.1
                0x0000000000006042       0x29 zephyr/libzephyr.a(reboot.c.obj)
 .rodata.mutex_free_platform.str1.1
                0x000000000000606b       0x26 zephyr/libzephyr.a(nrf_cc3xx_platform_mutex_zephyr.c.obj)
 .rodata.mutex_init_platform.str1.1
                0x0000000000006091       0x2d zephyr/libzephyr.a(nrf_cc3xx_platform_mutex_zephyr.c.obj)
 .rodata.str1.1
                0x00000000000060be        0xf zephyr/soc/arm/common/cortex_m/libsoc__arm__common__cortex_m.a(arm_mpu_regions.c.obj)
 .rodata.CSWTCH.9
                0x00000000000060cd        0x6 zephyr/soc/arm/nordic_nrf/nrf52/libsoc__arm__nordic_nrf__nrf52.a(soc.c.obj)
 .rodata.str1.1
                0x00000000000060d3        0x6 zephyr/drivers/clock_control/libdrivers__clock_control.a(clock_control_nrf.c.obj)
 .rodata.str1.1
                0x00000000000060d9        0xe zephyr/drivers/gpio/libdrivers__gpio.a(gpio_nrfx.c.obj)
 .rodata.str1.1
                0x00000000000060e7        0x6 zephyr/drivers/i2c/libdrivers__i2c.a(i2c_nrfx_twi.c.obj)
 .rodata.str1.1
                0x00000000000060ed        0xe zephyr/drivers/serial/libdrivers__serial.a(uart_nrfx_uarte.c.obj)
 .rodata.CSWTCH.14
                0x00000000000060fb        0x6 modules/hal_nordic/nrfx/libmodules__hal_nordic__nrfx.a(system_nrf52840.c.obj)
 .rodata.CSWTCH.5
                0x0000000000006101        0x6 modules/hal_nordic/nrfx/libmodules__hal_nordic__nrfx.a(system_nrf52840.c.obj)
 .rodata._DoInit.str1.1
                0x0000000000006107       0x14 modules/segger/libmodules__segger.a(SEGGER_RTT.c.obj)
 .rodata.z_cstart.str1.1
                0x000000000000611b        0x5 zephyr/kernel/libkernel.a(init.c.obj)
 .rodata.boot_banner.str1.1
                0x0000000000006120       0x34 zephyr/kernel/libkernel.a(banner.c.obj)
                                         0x35 (size before relaxing)
 *(SORT_BY_ALIGNMENT(.gnu.linkonce.r.*))
                0x0000000000006154                . = ALIGN (0x4)
                0x0000000000006154                __rodata_region_end = .
                0x0000000000006160                . = ALIGN (_region_min_align)
                0x0000000000008000                . = ALIGN ((0x1 << ((__rodata_region_end - __rom_region_start) <= 0x4)?0x2:((__rodata_region_end - __rom_region_start) <= 0x8)?0x3:((__rodata_region_end - __rom_region_start) <= 0x10)?0x4:((__rodata_region_end - __rom_region_start) <= 0x20)?0x5:((__rodata_region_end - __rom_region_start) <= 0x40)?0x6:((__rodata_region_end - __rom_region_start) <= 0x80)?0x7:((__rodata_region_end - __rom_region_start) <= 0x100)?0x8:((__rodata_region_end - __rom_region_start) <= 0x200)?0x9:((__rodata_region_end - __rom_region_start) <= 0x400)?0xa:((__rodata_region_end - __rom_region_start) <= 0x800)?0xb:((__rodata_region_end - __rom_region_start) <= 0x1000)?0xc:((__rodata_region_end - __rom_region_start) <= 0x2000)?0xd:((__rodata_region_end - __rom_region_start) <= 0x4000)?0xe:((__rodata_region_end - __rom_region_start) <= 0x8000)?0xf:((__rodata_region_end - __rom_region_start) <= 0x10000)?0x10:((__rodata_region_end - __rom_region_start) <= 0x20000)?0x11:((__rodata_region_end - __rom_region_start) <= 0x40000)?0x12:((__rodata_region_end - __rom_region_start) <= 0x80000)?0x13:((__rodata_region_end - __rom_region_start) <= 0x100000)?0x14:((__rodata_region_end - __rom_region_start) <= 0x200000)?0x15:((__rodata_region_end - __rom_region_start) <= 0x400000)?0x16:((__rodata_region_end - __rom_region_start) <= 0x800000)?0x17:((__rodata_region_end - __rom_region_start) <= 0x1000000)?0x18:((__rodata_region_end - __rom_region_start) <= 0x2000000)?0x19:((__rodata_region_end - __rom_region_start) <= 0x4000000)?0x1a:((__rodata_region_end - __rom_region_start) <= 0x8000000)?0x1b:((__rodata_region_end - __rom_region_start) <= 0x10000000)?0x1c:((__rodata_region_end - __rom_region_start) <= 0x20000000)?0x1d:((__rodata_region_end - __rom_region_start) <= 0x40000000)?0x1e:((__rodata_region_end - __rom_region_start) <= 0x80000000)?0x1f:0x20))
                0x0000000000008000                __rom_region_end = .
                0x0000000020000000                . = 0x20000000
                0x0000000020000000                . = ALIGN (_region_min_align)
                0x0000000020000000                _image_ram_start = .

.ramfunc        0x0000000020000000        0x0 load address 0x0000000000006154
                0x0000000020000000                . = ALIGN (_region_min_align)
                0x0000000020000000                . = ALIGN ((0x1 << (__ramfunc_size <= 0x4)?0x2:(__ramfunc_size <= 0x8)?0x3:(__ramfunc_size <= 0x10)?0x4:(__ramfunc_size <= 0x20)?0x5:(__ramfunc_size <= 0x40)?0x6:(__ramfunc_size <= 0x80)?0x7:(__ramfunc_size <= 0x100)?0x8:(__ramfunc_size <= 0x200)?0x9:(__ramfunc_size <= 0x400)?0xa:(__ramfunc_size <= 0x800)?0xb:(__ramfunc_size <= 0x1000)?0xc:(__ramfunc_size <= 0x2000)?0xd:(__ramfunc_size <= 0x4000)?0xe:(__ramfunc_size <= 0x8000)?0xf:(__ramfunc_size <= 0x10000)?0x10:(__ramfunc_size <= 0x20000)?0x11:(__ramfunc_size <= 0x40000)?0x12:(__ramfunc_size <= 0x80000)?0x13:(__ramfunc_size <= 0x100000)?0x14:(__ramfunc_size <= 0x200000)?0x15:(__ramfunc_size <= 0x400000)?0x16:(__ramfunc_size <= 0x800000)?0x17:(__ramfunc_size <= 0x1000000)?0x18:(__ramfunc_size <= 0x2000000)?0x19:(__ramfunc_size <= 0x4000000)?0x1a:(__ramfunc_size <= 0x8000000)?0x1b:(__ramfunc_size <= 0x10000000)?0x1c:(__ramfunc_size <= 0x20000000)?0x1d:(__ramfunc_size <= 0x40000000)?0x1e:(__ramfunc_size <= 0x80000000)?0x1f:0x20))
                0x0000000020000000                __ramfunc_start = .
 *(SORT_BY_ALIGNMENT(.ramfunc))
 *(SORT_BY_ALIGNMENT(.ramfunc.*))
                0x0000000020000000                . = ALIGN (_region_min_align)
                0x0000000020000000                . = ALIGN ((0x1 << (__ramfunc_size <= 0x4)?0x2:(__ramfunc_size <= 0x8)?0x3:(__ramfunc_size <= 0x10)?0x4:(__ramfunc_size <= 0x20)?0x5:(__ramfunc_size <= 0x40)?0x6:(__ramfunc_size <= 0x80)?0x7:(__ramfunc_size <= 0x100)?0x8:(__ramfunc_size <= 0x200)?0x9:(__ramfunc_size <= 0x400)?0xa:(__ramfunc_size <= 0x800)?0xb:(__ramfunc_size <= 0x1000)?0xc:(__ramfunc_size <= 0x2000)?0xd:(__ramfunc_size <= 0x4000)?0xe:(__ramfunc_size <= 0x8000)?0xf:(__ramfunc_size <= 0x10000)?0x10:(__ramfunc_size <= 0x20000)?0x11:(__ramfunc_size <= 0x40000)?0x12:(__ramfunc_size <= 0x80000)?0x13:(__ramfunc_size <= 0x100000)?0x14:(__ramfunc_size <= 0x200000)?0x15:(__ramfunc_size <= 0x400000)?0x16:(__ramfunc_size <= 0x800000)?0x17:(__ramfunc_size <= 0x1000000)?0x18:(__ramfunc_size <= 0x2000000)?0x19:(__ramfunc_size <= 0x4000000)?0x1a:(__ramfunc_size <= 0x8000000)?0x1b:(__ramfunc_size <= 0x10000000)?0x1c:(__ramfunc_size <= 0x20000000)?0x1d:(__ramfunc_size <= 0x40000000)?0x1e:(__ramfunc_size <= 0x80000000)?0x1f:0x20))
                0x0000000020000000                __ramfunc_end = .
                0x0000000000000000                __ramfunc_size = (__ramfunc_end - __ramfunc_start)
                0x0000000000006154                __ramfunc_load_start = LOADADDR (.ramfunc)

datas           0x0000000020000000      0x168 load address 0x0000000000006154
                0x0000000020000000                __data_region_start = .
                0x0000000020000000                __data_start = .
 *(SORT_BY_ALIGNMENT(.data))
 *(SORT_BY_ALIGNMENT(.data.*))
 .data._char_out
                0x0000000020000000        0x4 zephyr/libzephyr.a(printk.c.obj)
                0x0000000020000000                _char_out
 .data.max_latency_ticks
                0x0000000020000004        0x4 zephyr/libzephyr.a(policy.c.obj)
 .data.asym_mutex
                0x0000000020000008        0x8 zephyr/libzephyr.a(nrf_cc3xx_platform_mutex_zephyr.c.obj)
 .data.power_mutex
                0x0000000020000010        0x8 zephyr/libzephyr.a(nrf_cc3xx_platform_mutex_zephyr.c.obj)
 .data.rng_mutex
                0x0000000020000018        0x8 zephyr/libzephyr.a(nrf_cc3xx_platform_mutex_zephyr.c.obj)
 .data.sym_mutex
                0x0000000020000020        0x8 zephyr/libzephyr.a(nrf_cc3xx_platform_mutex_zephyr.c.obj)
 .data._stdout_hook
                0x0000000020000028        0x4 zephyr/lib/libc/minimal/liblib__libc__minimal.a(stdout_console.c.obj)
 .data.twi_0_data
                0x000000002000002c       0x28 zephyr/drivers/i2c/libdrivers__i2c.a(i2c_nrfx_twi.c.obj)
 .data.uarte_0_data
                0x0000000020000054       0x14 zephyr/drivers/serial/libdrivers__serial.a(uart_nrfx_uarte.c.obj)
 .data.uarte_1_data
                0x0000000020000068       0x14 zephyr/drivers/serial/libdrivers__serial.a(uart_nrfx_uarte.c.obj)
 .data.SystemCoreClock
                0x000000002000007c        0x4 modules/hal_nordic/nrfx/libmodules__hal_nordic__nrfx.a(system_nrf52840.c.obj)
                0x000000002000007c                SystemCoreClock
 .data.m_cb     0x0000000020000080       0x7c modules/hal_nordic/nrfx/libmodules__hal_nordic__nrfx.a(nrfx_gpiote.c.obj)
 .data.m_channels_allocated
                0x00000000200000fc        0x4 modules/hal_nordic/nrfx/libmodules__hal_nordic__nrfx.a(nrfx_ppi.c.obj)
 .data.timeout_list
                0x0000000020000100        0x8 zephyr/kernel/libkernel.a(timeout.c.obj)
 .data.platform_abort_apis
                0x0000000020000108        0x8 C:/ncs/v2.0.0/nrfxlib/crypto/nrf_cc310_platform/lib/cortex-m4/soft-float/no-interrupts/libnrf_cc310_platform_0.9.14.a(nrf_cc3xx_platform_abort.c.obj)
                0x0000000020000108                platform_abort_apis
 .data.asym_mutex
                0x0000000020000110        0x8 C:/ncs/v2.0.0/nrfxlib/crypto/nrf_cc310_platform/lib/cortex-m4/soft-float/no-interrupts/libnrf_cc310_platform_0.9.14.a(nrf_cc3xx_platform_mutex.c.obj)
 .data.platform_mutex_apis
                0x0000000020000118       0x10 C:/ncs/v2.0.0/nrfxlib/crypto/nrf_cc310_platform/lib/cortex-m4/soft-float/no-interrupts/libnrf_cc310_platform_0.9.14.a(nrf_cc3xx_platform_mutex.c.obj)
                0x0000000020000118                platform_mutex_apis
 .data.platform_mutexes
                0x0000000020000128       0x14 C:/ncs/v2.0.0/nrfxlib/crypto/nrf_cc310_platform/lib/cortex-m4/soft-float/no-interrupts/libnrf_cc310_platform_0.9.14.a(nrf_cc3xx_platform_mutex.c.obj)
                0x0000000020000128                platform_mutexes
 .data.power_mutex
                0x000000002000013c        0x8 C:/ncs/v2.0.0/nrfxlib/crypto/nrf_cc310_platform/lib/cortex-m4/soft-float/no-interrupts/libnrf_cc310_platform_0.9.14.a(nrf_cc3xx_platform_mutex.c.obj)
 .data.rng_mutex
                0x0000000020000144        0x8 C:/ncs/v2.0.0/nrfxlib/crypto/nrf_cc310_platform/lib/cortex-m4/soft-float/no-interrupts/libnrf_cc310_platform_0.9.14.a(nrf_cc3xx_platform_mutex.c.obj)
 .data.sym_mutex
                0x000000002000014c        0x8 C:/ncs/v2.0.0/nrfxlib/crypto/nrf_cc310_platform/lib/cortex-m4/soft-float/no-interrupts/libnrf_cc310_platform_0.9.14.a(nrf_cc3xx_platform_mutex.c.obj)
 .data.CCAsymCryptoMutex
                0x0000000020000154        0x4 C:/ncs/v2.0.0/nrfxlib/crypto/nrf_cc310_platform/lib/cortex-m4/soft-float/no-interrupts/libnrf_cc310_platform_0.9.14.a(cc_pal.c.obj)
                0x0000000020000154                CCAsymCryptoMutex
 .data.CCPowerMutex
                0x0000000020000158        0x4 C:/ncs/v2.0.0/nrfxlib/crypto/nrf_cc310_platform/lib/cortex-m4/soft-float/no-interrupts/libnrf_cc310_platform_0.9.14.a(cc_pal.c.obj)
                0x0000000020000158                CCPowerMutex
 .data.CCRndCryptoMutex
                0x000000002000015c        0x4 C:/ncs/v2.0.0/nrfxlib/crypto/nrf_cc310_platform/lib/cortex-m4/soft-float/no-interrupts/libnrf_cc310_platform_0.9.14.a(cc_pal.c.obj)
                0x000000002000015c                CCRndCryptoMutex
 .data.CCSymCryptoMutex
                0x0000000020000160        0x4 C:/ncs/v2.0.0/nrfxlib/crypto/nrf_cc310_platform/lib/cortex-m4/soft-float/no-interrupts/libnrf_cc310_platform_0.9.14.a(cc_pal.c.obj)
                0x0000000020000160                CCSymCryptoMutex
 .data.pCCRndCryptoMutex
                0x0000000020000164        0x4 C:/ncs/v2.0.0/nrfxlib/crypto/nrf_cc310_platform/lib/cortex-m4/soft-float/no-interrupts/libnrf_cc310_platform_0.9.14.a(cc_pal.c.obj)
                0x0000000020000164                pCCRndCryptoMutex
 *(SORT_BY_ALIGNMENT(.kernel.*))
                0x0000000020000168                __data_end = .
                0x0000000000000168                __data_size = (__data_end - __data_start)
                0x0000000000006154                __data_load_start = LOADADDR (datas)
                0x0000000000006154                __data_region_load_start = LOADADDR (datas)

device_states   0x0000000020000168       0x18 load address 0x00000000000062bc
                0x0000000020000168                __device_states_start = .
 *(SORT_BY_ALIGNMENT(.z_devstate))
 .z_devstate    0x0000000020000168        0x4 zephyr/drivers/clock_control/libdrivers__clock_control.a(clock_control_nrf.c.obj)
 .z_devstate    0x000000002000016c        0x8 zephyr/drivers/gpio/libdrivers__gpio.a(gpio_nrfx.c.obj)
 .z_devstate    0x0000000020000174        0x4 zephyr/drivers/i2c/libdrivers__i2c.a(i2c_nrfx_twi.c.obj)
 .z_devstate    0x0000000020000178        0x8 zephyr/drivers/serial/libdrivers__serial.a(uart_nrfx_uarte.c.obj)
 *(SORT_BY_ALIGNMENT(.z_devstate.*))
                0x0000000020000180                __device_states_end = .

initshell       0x0000000020000180        0x0 load address 0x00000000000062d4
                0x0000000020000180                __shell_module_start = .
 *(SORT_BY_ALIGNMENT(.shell_module_*))
                0x0000000020000180                __shell_module_end = .
                0x0000000020000180                __shell_cmd_start = .
 *(SORT_BY_ALIGNMENT(.shell_cmd_*))
                0x0000000020000180                __shell_cmd_end = .

log_dynamic_sections
                0x0000000020000180        0x0 load address 0x00000000000062d4
                0x0000000020000180                __log_dynamic_start = .
 *(SORT_BY_NAME(SORT_BY_ALIGNMENT(.log_dynamic_*)))
                0x0000000020000180                __log_dynamic_end = .

_static_thread_data_area
                0x0000000020000180        0x0 load address 0x00000000000062d4
                0x0000000020000180                __static_thread_data_list_start = .
 *(SORT_BY_NAME(SORT_BY_ALIGNMENT(.__static_thread_data.static.*)))
                0x0000000020000180                __static_thread_data_list_end = .

k_timer_area    0x0000000020000180        0x0 load address 0x00000000000062d4
                0x0000000020000180                _k_timer_list_start = .
 *(SORT_BY_NAME(SORT_BY_ALIGNMENT(._k_timer.static.*)))
                0x0000000020000180                _k_timer_list_end = .

k_mem_slab_area
                0x0000000020000180        0x0 load address 0x00000000000062d4
                0x0000000020000180                _k_mem_slab_list_start = .
 *(SORT_BY_NAME(SORT_BY_ALIGNMENT(._k_mem_slab.static.*)))
                0x0000000020000180                _k_mem_slab_list_end = .

k_mem_pool_area
                0x0000000020000180        0x0 load address 0x00000000000062d4
                0x0000000020000180                _k_mem_pool_list_start = .
 *(SORT_BY_NAME(SORT_BY_ALIGNMENT(._k_mem_pool.static.*)))
                0x0000000020000180                _k_mem_pool_list_end = .

k_heap_area     0x0000000020000180        0x0 load address 0x00000000000062d4
                0x0000000020000180                _k_heap_list_start = .
 *(SORT_BY_NAME(SORT_BY_ALIGNMENT(._k_heap.static.*)))
                0x0000000020000180                _k_heap_list_end = .

k_mutex_area    0x0000000020000180       0x50 load address 0x00000000000062d4
                0x0000000020000180                _k_mutex_list_start = .
 *(SORT_BY_NAME(SORT_BY_ALIGNMENT(._k_mutex.static.*)))
 ._k_mutex.static.asym_mutex_int
                0x0000000020000180       0x14 zephyr/libzephyr.a(nrf_cc3xx_platform_mutex_zephyr.c.obj)
                0x0000000020000180                asym_mutex_int
 ._k_mutex.static.power_mutex_int
                0x0000000020000194       0x14 zephyr/libzephyr.a(nrf_cc3xx_platform_mutex_zephyr.c.obj)
                0x0000000020000194                power_mutex_int
 ._k_mutex.static.rng_mutex_int
                0x00000000200001a8       0x14 zephyr/libzephyr.a(nrf_cc3xx_platform_mutex_zephyr.c.obj)
                0x00000000200001a8                rng_mutex_int
 ._k_mutex.static.sym_mutex_int
                0x00000000200001bc       0x14 zephyr/libzephyr.a(nrf_cc3xx_platform_mutex_zephyr.c.obj)
                0x00000000200001bc                sym_mutex_int
                0x00000000200001d0                _k_mutex_list_end = .

k_stack_area    0x00000000200001d0        0x0 load address 0x0000000000006324
                0x00000000200001d0                _k_stack_list_start = .
 *(SORT_BY_NAME(SORT_BY_ALIGNMENT(._k_stack.static.*)))
                0x00000000200001d0                _k_stack_list_end = .

k_msgq_area     0x00000000200001d0        0x0 load address 0x0000000000006324
                0x00000000200001d0                _k_msgq_list_start = .
 *(SORT_BY_NAME(SORT_BY_ALIGNMENT(._k_msgq.static.*)))
                0x00000000200001d0                _k_msgq_list_end = .

k_mbox_area     0x00000000200001d0        0x0 load address 0x0000000000006324
                0x00000000200001d0                _k_mbox_list_start = .
 *(SORT_BY_NAME(SORT_BY_ALIGNMENT(._k_mbox.static.*)))
                0x00000000200001d0                _k_mbox_list_end = .

k_pipe_area     0x00000000200001d0        0x0 load address 0x0000000000006324
                0x00000000200001d0                _k_pipe_list_start = .
 *(SORT_BY_NAME(SORT_BY_ALIGNMENT(._k_pipe.static.*)))
                0x00000000200001d0                _k_pipe_list_end = .

k_sem_area      0x00000000200001d0        0x0 load address 0x0000000000006324
                0x00000000200001d0                _k_sem_list_start = .
 *(SORT_BY_NAME(SORT_BY_ALIGNMENT(._k_sem.static.*)))
                0x00000000200001d0                _k_sem_list_end = .

k_event_area    0x00000000200001d0        0x0 load address 0x0000000000006324
                0x00000000200001d0                _k_event_list_start = .
 *(SORT_BY_NAME(SORT_BY_ALIGNMENT(._k_event.static.*)))
                0x00000000200001d0                _k_event_list_end = .

k_queue_area    0x00000000200001d0        0x0 load address 0x0000000000006324
                0x00000000200001d0                _k_queue_list_start = .
 *(SORT_BY_NAME(SORT_BY_ALIGNMENT(._k_queue.static.*)))
                0x00000000200001d0                _k_queue_list_end = .

k_condvar_area  0x00000000200001d0        0x0 load address 0x0000000000006324
                0x00000000200001d0                _k_condvar_list_start = .
 *(SORT_BY_NAME(SORT_BY_ALIGNMENT(._k_condvar.static.*)))
                0x00000000200001d0                _k_condvar_list_end = .

_net_buf_pool_area
                0x00000000200001d0        0x0 load address 0x0000000000006324
                0x00000000200001d0                _net_buf_pool_list = .
 *(SORT_BY_NAME(SORT_BY_ALIGNMENT(._net_buf_pool.static.*)))
                0x00000000200001d0                __data_region_end = .

bss             0x00000000200001d0      0xe2a
                0x00000000200001d0                . = ALIGN (0x4)
                0x00000000200001d0                __bss_start = .
                0x00000000200001d0                __kernel_ram_start = .
 *(SORT_BY_ALIGNMENT(.bss))
 *(SORT_BY_ALIGNMENT(.bss.*))
 .bss.anchor    0x00000000200001d0        0x8 zephyr/drivers/timer/libdrivers__timer.a(nrf_rtc_timer.c.obj)
 .bss.cc_data   0x00000000200001d8       0x10 zephyr/drivers/timer/libdrivers__timer.a(nrf_rtc_timer.c.obj)
 .bss.last_count
                0x00000000200001e8        0x8 zephyr/drivers/timer/libdrivers__timer.a(nrf_rtc_timer.c.obj)
 .bss.z_idle_threads
                0x00000000200001f0       0x80 zephyr/kernel/libkernel.a(init.c.obj)
                0x00000000200001f0                z_idle_threads
 .bss.z_main_thread
                0x0000000020000270       0x80 zephyr/kernel/libkernel.a(init.c.obj)
                0x0000000020000270                z_main_thread
 .bss.curr_tick
                0x00000000200002f0        0x8 zephyr/kernel/libkernel.a(timeout.c.obj)
 .bss.i2c_dev   0x00000000200002f8        0x4 app/libapp.a(SparkFunMiniMoto.c.obj)
 .bss.pm_notifiers
                0x00000000200002fc        0x8 zephyr/libzephyr.a(pm.c.obj)
 .bss.z_cpus_pm_state
                0x0000000020000304        0xc zephyr/libzephyr.a(pm.c.obj)
 .bss.z_cpus_pm_state_forced
                0x0000000020000310        0x4 zephyr/libzephyr.a(pm.c.obj)
 .bss.z_post_ops_required
                0x0000000020000314        0x4 zephyr/libzephyr.a(pm.c.obj)
 .bss.state_lock_cnt
                0x0000000020000318       0x1c zephyr/libzephyr.a(policy.c.obj)
 .bss.mutex_slab
                0x0000000020000334       0x1c zephyr/libzephyr.a(nrf_cc3xx_platform_mutex_zephyr.c.obj)
                0x0000000020000334                mutex_slab
 .bss.mutex_slab_buffer
                0x0000000020000350      0x500 zephyr/libzephyr.a(nrf_cc3xx_platform_mutex_zephyr.c.obj)
                0x0000000020000350                mutex_slab_buffer
 .bss.dynamic_regions.0
                0x0000000020000850        0xc zephyr/arch/arch/arm/core/aarch32/mpu/libarch__arm__core__aarch32__mpu.a(arm_core_mpu.c.obj)
 .bss.cli.1     0x000000002000085c       0x10 zephyr/drivers/clock_control/libdrivers__clock_control.a(clock_control_nrf.c.obj)
 .bss.data      0x000000002000086c       0x50 zephyr/drivers/clock_control/libdrivers__clock_control.a(clock_control_nrf.c.obj)
 .bss.hfclk_users
                0x00000000200008bc        0x4 zephyr/drivers/clock_control/libdrivers__clock_control.a(clock_control_nrf.c.obj)
 .bss.on.2      0x00000000200008c0        0x4 zephyr/drivers/clock_control/libdrivers__clock_control.a(clock_control_nrf.c.obj)
 .bss.uart_console_dev